// Jest Snapshot v1, https://goo.gl/fbAQLP

exports[`useNFT caches multiple NFTs being loaded 1`] = `
Object {
  "auction": Object {
    "current": Object {
      "auctionType": "reserve",
      "endingAt": "12974",
      "likelyHasEnded": true,
      "reserveMet": true,
      "reservePrice": Object {
        "amount": "12974",
        "computedValue": undefined,
        "currency": Object {
          "decimals": 18,
          "id": "0xFACE",
          "name": "Wrapped Ether",
          "symbol": "WETH",
        },
        "prettyAmount": "1.2974e-14",
      },
    },
    "highestBid": Object {
      "placedAt": "12974",
      "placedBy": "10",
      "pricing": Object {
        "amount": "12974",
        "computedValue": undefined,
        "currency": Object {
          "decimals": 18,
          "id": "0xFACE",
          "name": "Wrapped Ether",
          "symbol": "WETH",
        },
        "prettyAmount": "1.2974e-14",
      },
    },
  },
  "nft": Object {
    "contentHash": "ByTeSStrInG",
    "contentURI": "Hello World",
    "createdAtTimestamp": "12974",
    "creator": Object {
      "id": "10",
    },
    "creatorBidShare": "12974",
    "creatorBidSharePercentage": 1.2974e-14,
    "id": "1",
    "metadataHash": "ByTeSStrInG",
    "metadataURI": "Hello World",
    "owner": Object {
      "id": "10",
    },
  },
  "pricing": Object {
    "perpetual": Object {
      "ask": Object {
        "createdAtTimestamp": "12974",
        "id": "72",
        "pricing": Object {
          "amount": "12974",
          "computedValue": undefined,
          "currency": Object {
            "decimals": 18,
            "id": "0xFACE",
            "name": "Wrapped Ether",
            "symbol": "WETH",
          },
          "prettyAmount": "1.2974e-14",
        },
      },
      "bids": Array [
        Object {
          "bidder": Object {
            "id": "10",
          },
          "createdAtTimestamp": "12974",
          "id": "73",
          "pricing": Object {
            "amount": "12974",
            "computedValue": undefined,
            "currency": Object {
              "decimals": 18,
              "id": "0xFACE",
              "name": "Wrapped Ether",
              "symbol": "WETH",
            },
            "prettyAmount": "1.2974e-14",
          },
        },
        Object {
          "bidder": Object {
            "id": "10",
          },
          "createdAtTimestamp": "12974",
          "id": "74",
          "pricing": Object {
            "amount": "12974",
            "computedValue": undefined,
            "currency": Object {
              "decimals": 18,
              "id": "0xFACE",
              "name": "Wrapped Ether",
              "symbol": "WETH",
            },
            "prettyAmount": "1.2974e-14",
          },
        },
      ],
    },
    "reserve": Object {
      "approved": true,
      "auctionCurrency": Object {
        "decimals": 18,
        "id": "0xFACE",
        "name": "Wrapped Ether",
        "symbol": "WETH",
      },
      "createdAtTimestamp": "12974",
      "curator": Object {
        "id": "10",
      },
      "curatorFeePercentage": 77,
      "currentBid": Object {
        "bidType": "Final",
        "bidder": Object {
          "id": "10",
        },
        "createdAtTimestamp": "12974",
        "pricing": Object {
          "amount": "12974",
          "computedValue": undefined,
          "currency": Object {
            "decimals": 18,
            "id": "0xFACE",
            "name": "Wrapped Ether",
            "symbol": "WETH",
          },
          "prettyAmount": "1.2974e-14",
        },
      },
      "duration": "12974",
      "expectedEndTimestamp": "12974",
      "finalizedAtTimestamp": "12974",
      "firstBidTime": "12974",
      "id": "75",
      "previousBids": Array [
        Object {
          "bidInactivatedAtBlockNumber": "12974",
          "bidInactivatedAtTimestamp": "12974",
          "bidType": "Final",
          "bidder": Object {
            "id": "10",
          },
          "createdAtTimestamp": "12974",
          "id": "79",
          "pricing": Object {
            "amount": "12974",
            "computedValue": undefined,
            "currency": Object {
              "decimals": 18,
              "id": "0xFACE",
              "name": "Wrapped Ether",
              "symbol": "WETH",
            },
            "prettyAmount": "1.2974e-14",
          },
        },
        Object {
          "bidInactivatedAtBlockNumber": "12974",
          "bidInactivatedAtTimestamp": "12974",
          "bidType": "Final",
          "bidder": Object {
            "id": "10",
          },
          "createdAtTimestamp": "12974",
          "id": "80",
          "pricing": Object {
            "amount": "12974",
            "computedValue": undefined,
            "currency": Object {
              "decimals": 18,
              "id": "0xFACE",
              "name": "Wrapped Ether",
              "symbol": "WETH",
            },
            "prettyAmount": "1.2974e-14",
          },
        },
      ],
      "reservePrice": "12974",
      "status": "Active",
      "tokenId": "12974",
      "tokenOwner": Object {
        "id": "10",
      },
    },
  },
}
`;

exports[`useNFT caches multiple NFTs being loaded 2`] = `
Object {
  "auction": Object {
    "current": Object {
      "auctionType": "reserve",
      "endingAt": "12974",
      "likelyHasEnded": true,
      "reserveMet": true,
      "reservePrice": Object {
        "amount": "12974",
        "computedValue": undefined,
        "currency": Object {
          "decimals": 18,
          "id": "0xFACE",
          "name": "Wrapped Ether",
          "symbol": "WETH",
        },
        "prettyAmount": "1.2974e-14",
      },
    },
    "highestBid": Object {
      "placedAt": "12974",
      "placedBy": "10",
      "pricing": Object {
        "amount": "12974",
        "computedValue": undefined,
        "currency": Object {
          "decimals": 18,
          "id": "0xFACE",
          "name": "Wrapped Ether",
          "symbol": "WETH",
        },
        "prettyAmount": "1.2974e-14",
      },
    },
  },
  "nft": Object {
    "contentHash": "ByTeSStrInG",
    "contentURI": "Hello World",
    "createdAtTimestamp": "12974",
    "creator": Object {
      "id": "10",
    },
    "creatorBidShare": "12974",
    "creatorBidSharePercentage": 1.2974e-14,
    "id": "2",
    "metadataHash": "ByTeSStrInG",
    "metadataURI": "Hello World",
    "owner": Object {
      "id": "10",
    },
  },
  "pricing": Object {
    "perpetual": Object {
      "ask": Object {
        "createdAtTimestamp": "12974",
        "id": "85",
        "pricing": Object {
          "amount": "12974",
          "computedValue": undefined,
          "currency": Object {
            "decimals": 18,
            "id": "0xFACE",
            "name": "Wrapped Ether",
            "symbol": "WETH",
          },
          "prettyAmount": "1.2974e-14",
        },
      },
      "bids": Array [
        Object {
          "bidder": Object {
            "id": "10",
          },
          "createdAtTimestamp": "12974",
          "id": "86",
          "pricing": Object {
            "amount": "12974",
            "computedValue": undefined,
            "currency": Object {
              "decimals": 18,
              "id": "0xFACE",
              "name": "Wrapped Ether",
              "symbol": "WETH",
            },
            "prettyAmount": "1.2974e-14",
          },
        },
        Object {
          "bidder": Object {
            "id": "10",
          },
          "createdAtTimestamp": "12974",
          "id": "87",
          "pricing": Object {
            "amount": "12974",
            "computedValue": undefined,
            "currency": Object {
              "decimals": 18,
              "id": "0xFACE",
              "name": "Wrapped Ether",
              "symbol": "WETH",
            },
            "prettyAmount": "1.2974e-14",
          },
        },
      ],
    },
    "reserve": Object {
      "approved": true,
      "auctionCurrency": Object {
        "decimals": 18,
        "id": "0xFACE",
        "name": "Wrapped Ether",
        "symbol": "WETH",
      },
      "createdAtTimestamp": "12974",
      "curator": Object {
        "id": "10",
      },
      "curatorFeePercentage": 90,
      "currentBid": Object {
        "bidType": "Final",
        "bidder": Object {
          "id": "10",
        },
        "createdAtTimestamp": "12974",
        "pricing": Object {
          "amount": "12974",
          "computedValue": undefined,
          "currency": Object {
            "decimals": 18,
            "id": "0xFACE",
            "name": "Wrapped Ether",
            "symbol": "WETH",
          },
          "prettyAmount": "1.2974e-14",
        },
      },
      "duration": "12974",
      "expectedEndTimestamp": "12974",
      "finalizedAtTimestamp": "12974",
      "firstBidTime": "12974",
      "id": "88",
      "previousBids": Array [
        Object {
          "bidInactivatedAtBlockNumber": "12974",
          "bidInactivatedAtTimestamp": "12974",
          "bidType": "Final",
          "bidder": Object {
            "id": "10",
          },
          "createdAtTimestamp": "12974",
          "id": "92",
          "pricing": Object {
            "amount": "12974",
            "computedValue": undefined,
            "currency": Object {
              "decimals": 18,
              "id": "0xFACE",
              "name": "Wrapped Ether",
              "symbol": "WETH",
            },
            "prettyAmount": "1.2974e-14",
          },
        },
        Object {
          "bidInactivatedAtBlockNumber": "12974",
          "bidInactivatedAtTimestamp": "12974",
          "bidType": "Final",
          "bidder": Object {
            "id": "10",
          },
          "createdAtTimestamp": "12974",
          "id": "93",
          "pricing": Object {
            "amount": "12974",
            "computedValue": undefined,
            "currency": Object {
              "decimals": 18,
              "id": "0xFACE",
              "name": "Wrapped Ether",
              "symbol": "WETH",
            },
            "prettyAmount": "1.2974e-14",
          },
        },
      ],
      "reservePrice": "12974",
      "status": "Active",
      "tokenId": "12974",
      "tokenOwner": Object {
        "id": "10",
      },
    },
  },
}
`;

exports[`useNFT caches multiple NFTs being loaded 3`] = `
Object {
  "auction": Object {
    "current": Object {
      "auctionType": "reserve",
      "endingAt": "12974",
      "likelyHasEnded": true,
      "reserveMet": true,
      "reservePrice": Object {
        "amount": "12974",
        "computedValue": undefined,
        "currency": Object {
          "decimals": 18,
          "id": "0xFACE",
          "name": "Wrapped Ether",
          "symbol": "WETH",
        },
        "prettyAmount": "1.2974e-14",
      },
    },
    "highestBid": Object {
      "placedAt": "12974",
      "placedBy": "10",
      "pricing": Object {
        "amount": "12974",
        "computedValue": undefined,
        "currency": Object {
          "decimals": 18,
          "id": "0xFACE",
          "name": "Wrapped Ether",
          "symbol": "WETH",
        },
        "prettyAmount": "1.2974e-14",
      },
    },
  },
  "nft": Object {
    "contentHash": "ByTeSStrInG",
    "contentURI": "Hello World",
    "createdAtTimestamp": "12974",
    "creator": Object {
      "id": "10",
    },
    "creatorBidShare": "12974",
    "creatorBidSharePercentage": 1.2974e-14,
    "id": "1",
    "metadataHash": "ByTeSStrInG",
    "metadataURI": "Hello World",
    "owner": Object {
      "id": "10",
    },
  },
  "pricing": Object {
    "perpetual": Object {
      "ask": Object {
        "createdAtTimestamp": "12974",
        "id": "72",
        "pricing": Object {
          "amount": "12974",
          "computedValue": undefined,
          "currency": Object {
            "decimals": 18,
            "id": "0xFACE",
            "name": "Wrapped Ether",
            "symbol": "WETH",
          },
          "prettyAmount": "1.2974e-14",
        },
      },
      "bids": Array [
        Object {
          "bidder": Object {
            "id": "10",
          },
          "createdAtTimestamp": "12974",
          "id": "73",
          "pricing": Object {
            "amount": "12974",
            "computedValue": undefined,
            "currency": Object {
              "decimals": 18,
              "id": "0xFACE",
              "name": "Wrapped Ether",
              "symbol": "WETH",
            },
            "prettyAmount": "1.2974e-14",
          },
        },
        Object {
          "bidder": Object {
            "id": "10",
          },
          "createdAtTimestamp": "12974",
          "id": "74",
          "pricing": Object {
            "amount": "12974",
            "computedValue": undefined,
            "currency": Object {
              "decimals": 18,
              "id": "0xFACE",
              "name": "Wrapped Ether",
              "symbol": "WETH",
            },
            "prettyAmount": "1.2974e-14",
          },
        },
      ],
    },
    "reserve": Object {
      "approved": true,
      "auctionCurrency": Object {
        "decimals": 18,
        "id": "0xFACE",
        "name": "Wrapped Ether",
        "symbol": "WETH",
      },
      "createdAtTimestamp": "12974",
      "curator": Object {
        "id": "10",
      },
      "curatorFeePercentage": 77,
      "currentBid": Object {
        "bidType": "Final",
        "bidder": Object {
          "id": "10",
        },
        "createdAtTimestamp": "12974",
        "pricing": Object {
          "amount": "12974",
          "computedValue": undefined,
          "currency": Object {
            "decimals": 18,
            "id": "0xFACE",
            "name": "Wrapped Ether",
            "symbol": "WETH",
          },
          "prettyAmount": "1.2974e-14",
        },
      },
      "duration": "12974",
      "expectedEndTimestamp": "12974",
      "finalizedAtTimestamp": "12974",
      "firstBidTime": "12974",
      "id": "75",
      "previousBids": Array [
        Object {
          "bidInactivatedAtBlockNumber": "12974",
          "bidInactivatedAtTimestamp": "12974",
          "bidType": "Final",
          "bidder": Object {
            "id": "10",
          },
          "createdAtTimestamp": "12974",
          "id": "79",
          "pricing": Object {
            "amount": "12974",
            "computedValue": undefined,
            "currency": Object {
              "decimals": 18,
              "id": "0xFACE",
              "name": "Wrapped Ether",
              "symbol": "WETH",
            },
            "prettyAmount": "1.2974e-14",
          },
        },
        Object {
          "bidInactivatedAtBlockNumber": "12974",
          "bidInactivatedAtTimestamp": "12974",
          "bidType": "Final",
          "bidder": Object {
            "id": "10",
          },
          "createdAtTimestamp": "12974",
          "id": "80",
          "pricing": Object {
            "amount": "12974",
            "computedValue": undefined,
            "currency": Object {
              "decimals": 18,
              "id": "0xFACE",
              "name": "Wrapped Ether",
              "symbol": "WETH",
            },
            "prettyAmount": "1.2974e-14",
          },
        },
      ],
      "reservePrice": "12974",
      "status": "Active",
      "tokenId": "12974",
      "tokenOwner": Object {
        "id": "10",
      },
    },
  },
}
`;

exports[`useNFT caches multiple NFTs being loaded 4`] = `
Object {
  "auction": Object {
    "current": Object {
      "auctionType": "reserve",
      "endingAt": "12974",
      "likelyHasEnded": true,
      "reserveMet": true,
      "reservePrice": Object {
        "amount": "12974",
        "computedValue": undefined,
        "currency": Object {
          "decimals": 18,
          "id": "0xFACE",
          "name": "Wrapped Ether",
          "symbol": "WETH",
        },
        "prettyAmount": "1.2974e-14",
      },
    },
    "highestBid": Object {
      "placedAt": "12974",
      "placedBy": "10",
      "pricing": Object {
        "amount": "12974",
        "computedValue": undefined,
        "currency": Object {
          "decimals": 18,
          "id": "0xFACE",
          "name": "Wrapped Ether",
          "symbol": "WETH",
        },
        "prettyAmount": "1.2974e-14",
      },
    },
  },
  "nft": Object {
    "contentHash": "ByTeSStrInG",
    "contentURI": "Hello World",
    "createdAtTimestamp": "12974",
    "creator": Object {
      "id": "10",
    },
    "creatorBidShare": "12974",
    "creatorBidSharePercentage": 1.2974e-14,
    "id": "2",
    "metadataHash": "ByTeSStrInG",
    "metadataURI": "Hello World",
    "owner": Object {
      "id": "10",
    },
  },
  "pricing": Object {
    "perpetual": Object {
      "ask": Object {
        "createdAtTimestamp": "12974",
        "id": "85",
        "pricing": Object {
          "amount": "12974",
          "computedValue": undefined,
          "currency": Object {
            "decimals": 18,
            "id": "0xFACE",
            "name": "Wrapped Ether",
            "symbol": "WETH",
          },
          "prettyAmount": "1.2974e-14",
        },
      },
      "bids": Array [
        Object {
          "bidder": Object {
            "id": "10",
          },
          "createdAtTimestamp": "12974",
          "id": "86",
          "pricing": Object {
            "amount": "12974",
            "computedValue": undefined,
            "currency": Object {
              "decimals": 18,
              "id": "0xFACE",
              "name": "Wrapped Ether",
              "symbol": "WETH",
            },
            "prettyAmount": "1.2974e-14",
          },
        },
        Object {
          "bidder": Object {
            "id": "10",
          },
          "createdAtTimestamp": "12974",
          "id": "87",
          "pricing": Object {
            "amount": "12974",
            "computedValue": undefined,
            "currency": Object {
              "decimals": 18,
              "id": "0xFACE",
              "name": "Wrapped Ether",
              "symbol": "WETH",
            },
            "prettyAmount": "1.2974e-14",
          },
        },
      ],
    },
    "reserve": Object {
      "approved": true,
      "auctionCurrency": Object {
        "decimals": 18,
        "id": "0xFACE",
        "name": "Wrapped Ether",
        "symbol": "WETH",
      },
      "createdAtTimestamp": "12974",
      "curator": Object {
        "id": "10",
      },
      "curatorFeePercentage": 90,
      "currentBid": Object {
        "bidType": "Final",
        "bidder": Object {
          "id": "10",
        },
        "createdAtTimestamp": "12974",
        "pricing": Object {
          "amount": "12974",
          "computedValue": undefined,
          "currency": Object {
            "decimals": 18,
            "id": "0xFACE",
            "name": "Wrapped Ether",
            "symbol": "WETH",
          },
          "prettyAmount": "1.2974e-14",
        },
      },
      "duration": "12974",
      "expectedEndTimestamp": "12974",
      "finalizedAtTimestamp": "12974",
      "firstBidTime": "12974",
      "id": "88",
      "previousBids": Array [
        Object {
          "bidInactivatedAtBlockNumber": "12974",
          "bidInactivatedAtTimestamp": "12974",
          "bidType": "Final",
          "bidder": Object {
            "id": "10",
          },
          "createdAtTimestamp": "12974",
          "id": "92",
          "pricing": Object {
            "amount": "12974",
            "computedValue": undefined,
            "currency": Object {
              "decimals": 18,
              "id": "0xFACE",
              "name": "Wrapped Ether",
              "symbol": "WETH",
            },
            "prettyAmount": "1.2974e-14",
          },
        },
        Object {
          "bidInactivatedAtBlockNumber": "12974",
          "bidInactivatedAtTimestamp": "12974",
          "bidType": "Final",
          "bidder": Object {
            "id": "10",
          },
          "createdAtTimestamp": "12974",
          "id": "93",
          "pricing": Object {
            "amount": "12974",
            "computedValue": undefined,
            "currency": Object {
              "decimals": 18,
              "id": "0xFACE",
              "name": "Wrapped Ether",
              "symbol": "WETH",
            },
            "prettyAmount": "1.2974e-14",
          },
        },
      ],
      "reservePrice": "12974",
      "status": "Active",
      "tokenId": "12974",
      "tokenOwner": Object {
        "id": "10",
      },
    },
  },
}
`;

exports[`useNFT correctly loads auction information from uniswap 1`] = `
Object {
  "auction": Object {
    "current": Object {
      "auctionType": "reserve",
      "endingAt": "12974",
      "likelyHasEnded": true,
      "reserveMet": true,
      "reservePrice": Object {
        "amount": "12974",
        "computedValue": Object {
          "inETH": "1.800042898602e-10",
          "inUSD": "0.00000249742133251694932446",
        },
        "currency": Object {
          "decimals": 18,
          "id": "0xFACE",
          "name": "Wrapped Ether",
          "symbol": "WETH",
        },
        "prettyAmount": "1.2974e-14",
      },
    },
    "highestBid": Object {
      "placedAt": "12974",
      "placedBy": "10",
      "pricing": Object {
        "amount": "12974",
        "computedValue": Object {
          "inETH": "1.800042898602e-10",
          "inUSD": "0.00000249742133251694932446",
        },
        "currency": Object {
          "decimals": 18,
          "id": "0xFACE",
          "name": "Wrapped Ether",
          "symbol": "WETH",
        },
        "prettyAmount": "1.2974e-14",
      },
    },
  },
  "nft": Object {
    "contentHash": "ByTeSStrInG",
    "contentURI": "https://zora.co/content",
    "createdAtTimestamp": "12974",
    "creator": Object {
      "id": "10",
    },
    "creatorBidShare": "12974",
    "creatorBidSharePercentage": 1.2974e-14,
    "id": "2974",
    "metadataHash": "ByTeSStrInG",
    "metadataURI": "https://zora.co/content",
    "owner": Object {
      "id": "10",
    },
  },
  "pricing": Object {
    "perpetual": Object {
      "ask": Object {
        "createdAtTimestamp": "12974",
        "id": "14",
        "pricing": Object {
          "amount": "12974",
          "computedValue": Object {
            "inETH": "1.800042898602e-10",
            "inUSD": "0.00000249742133251694932446",
          },
          "currency": Object {
            "decimals": 18,
            "id": "0xFACE",
            "name": "Wrapped Ether",
            "symbol": "WETH",
          },
          "prettyAmount": "1.2974e-14",
        },
      },
      "bids": Array [
        Object {
          "bidder": Object {
            "id": "10",
          },
          "createdAtTimestamp": "12974",
          "id": "15",
          "pricing": Object {
            "amount": "10000",
            "computedValue": Object {
              "inETH": "1.38742323e-10",
              "inUSD": "0.0000019249432191436329",
            },
            "currency": Object {
              "decimals": 18,
              "id": "0xFACE",
              "name": "Wrapped Ether",
              "symbol": "WETH",
            },
            "prettyAmount": "1e-14",
          },
        },
      ],
    },
    "reserve": Object {
      "approved": true,
      "auctionCurrency": Object {
        "decimals": 18,
        "id": "0xFACE",
        "name": "Wrapped Ether",
        "symbol": "WETH",
      },
      "createdAtTimestamp": "12974",
      "curator": Object {
        "id": "10",
      },
      "curatorFeePercentage": 100,
      "currentBid": Object {
        "bidType": "Final",
        "bidder": Object {
          "id": "10",
        },
        "createdAtTimestamp": "12974",
        "pricing": Object {
          "amount": "12974",
          "computedValue": Object {
            "inETH": "1.800042898602e-10",
            "inUSD": "0.00000249742133251694932446",
          },
          "currency": Object {
            "decimals": 18,
            "id": "0xFACE",
            "name": "Wrapped Ether",
            "symbol": "WETH",
          },
          "prettyAmount": "1.2974e-14",
        },
      },
      "duration": "12974",
      "expectedEndTimestamp": "12974",
      "finalizedAtTimestamp": "12974",
      "firstBidTime": "12974",
      "id": "16",
      "previousBids": Array [
        Object {
          "bidInactivatedAtBlockNumber": "12974",
          "bidInactivatedAtTimestamp": "12974",
          "bidType": "Final",
          "bidder": Object {
            "id": "10",
          },
          "createdAtTimestamp": "12974",
          "id": "19",
          "pricing": Object {
            "amount": "12974",
            "computedValue": Object {
              "inETH": "1.800042898602e-10",
              "inUSD": "0.00000249742133251694932446",
            },
            "currency": Object {
              "decimals": 18,
              "id": "0xFACE",
              "name": "Wrapped Ether",
              "symbol": "WETH",
            },
            "prettyAmount": "1.2974e-14",
          },
        },
        Object {
          "bidInactivatedAtBlockNumber": "12974",
          "bidInactivatedAtTimestamp": "12974",
          "bidType": "Final",
          "bidder": Object {
            "id": "10",
          },
          "createdAtTimestamp": "12974",
          "id": "20",
          "pricing": Object {
            "amount": "12974",
            "computedValue": Object {
              "inETH": "1.800042898602e-10",
              "inUSD": "0.00000249742133251694932446",
            },
            "currency": Object {
              "decimals": 18,
              "id": "0xFACE",
              "name": "Wrapped Ether",
              "symbol": "WETH",
            },
            "prettyAmount": "1.2974e-14",
          },
        },
      ],
      "reservePrice": "12974",
      "status": "Active",
      "tokenId": 2974,
      "tokenOwner": Object {
        "id": "10",
      },
    },
  },
}
`;

exports[`useNFT correctly loads auction information from uniswap 2`] = `
Object {
  "auction": Object {
    "current": Object {
      "auctionType": "reserve",
      "endingAt": "12974",
      "likelyHasEnded": true,
      "reserveMet": true,
      "reservePrice": Object {
        "amount": "12974",
        "computedValue": Object {
          "inETH": "1.800042898602e-10",
          "inUSD": "0.00000249742133251694932446",
        },
        "currency": Object {
          "decimals": 18,
          "id": "0xFACE",
          "name": "Wrapped Ether",
          "symbol": "WETH",
        },
        "prettyAmount": "1.2974e-14",
      },
    },
    "highestBid": Object {
      "placedAt": "12974",
      "placedBy": "10",
      "pricing": Object {
        "amount": "12974",
        "computedValue": Object {
          "inETH": "1.800042898602e-10",
          "inUSD": "0.00000249742133251694932446",
        },
        "currency": Object {
          "decimals": 18,
          "id": "0xFACE",
          "name": "Wrapped Ether",
          "symbol": "WETH",
        },
        "prettyAmount": "1.2974e-14",
      },
    },
  },
  "nft": Object {
    "contentHash": "ByTeSStrInG",
    "contentURI": "https://zora.co/content",
    "createdAtTimestamp": "12974",
    "creator": Object {
      "id": "10",
    },
    "creatorBidShare": "12974",
    "creatorBidSharePercentage": 1.2974e-14,
    "id": "2974",
    "metadataHash": "ByTeSStrInG",
    "metadataURI": "https://zora.co/content",
    "owner": Object {
      "id": "10",
    },
  },
  "pricing": Object {
    "perpetual": Object {
      "ask": Object {
        "createdAtTimestamp": "12974",
        "id": "14",
        "pricing": Object {
          "amount": "12974",
          "computedValue": Object {
            "inETH": "1.800042898602e-10",
            "inUSD": "0.00000249742133251694932446",
          },
          "currency": Object {
            "decimals": 18,
            "id": "0xFACE",
            "name": "Wrapped Ether",
            "symbol": "WETH",
          },
          "prettyAmount": "1.2974e-14",
        },
      },
      "bids": Array [
        Object {
          "bidder": Object {
            "id": "10",
          },
          "createdAtTimestamp": "12974",
          "id": "15",
          "pricing": Object {
            "amount": "10000",
            "computedValue": Object {
              "inETH": "1.38742323e-10",
              "inUSD": "0.0000019249432191436329",
            },
            "currency": Object {
              "decimals": 18,
              "id": "0xFACE",
              "name": "Wrapped Ether",
              "symbol": "WETH",
            },
            "prettyAmount": "1e-14",
          },
        },
      ],
    },
    "reserve": Object {
      "approved": true,
      "auctionCurrency": Object {
        "decimals": 18,
        "id": "0xFACE",
        "name": "Wrapped Ether",
        "symbol": "WETH",
      },
      "createdAtTimestamp": "12974",
      "curator": Object {
        "id": "10",
      },
      "curatorFeePercentage": 100,
      "currentBid": Object {
        "bidType": "Final",
        "bidder": Object {
          "id": "10",
        },
        "createdAtTimestamp": "12974",
        "pricing": Object {
          "amount": "12974",
          "computedValue": Object {
            "inETH": "1.800042898602e-10",
            "inUSD": "0.00000249742133251694932446",
          },
          "currency": Object {
            "decimals": 18,
            "id": "0xFACE",
            "name": "Wrapped Ether",
            "symbol": "WETH",
          },
          "prettyAmount": "1.2974e-14",
        },
      },
      "duration": "12974",
      "expectedEndTimestamp": "12974",
      "finalizedAtTimestamp": "12974",
      "firstBidTime": "12974",
      "id": "16",
      "previousBids": Array [
        Object {
          "bidInactivatedAtBlockNumber": "12974",
          "bidInactivatedAtTimestamp": "12974",
          "bidType": "Final",
          "bidder": Object {
            "id": "10",
          },
          "createdAtTimestamp": "12974",
          "id": "19",
          "pricing": Object {
            "amount": "12974",
            "computedValue": Object {
              "inETH": "1.800042898602e-10",
              "inUSD": "0.00000249742133251694932446",
            },
            "currency": Object {
              "decimals": 18,
              "id": "0xFACE",
              "name": "Wrapped Ether",
              "symbol": "WETH",
            },
            "prettyAmount": "1.2974e-14",
          },
        },
        Object {
          "bidInactivatedAtBlockNumber": "12974",
          "bidInactivatedAtTimestamp": "12974",
          "bidType": "Final",
          "bidder": Object {
            "id": "10",
          },
          "createdAtTimestamp": "12974",
          "id": "20",
          "pricing": Object {
            "amount": "12974",
            "computedValue": Object {
              "inETH": "1.800042898602e-10",
              "inUSD": "0.00000249742133251694932446",
            },
            "currency": Object {
              "decimals": 18,
              "id": "0xFACE",
              "name": "Wrapped Ether",
              "symbol": "WETH",
            },
            "prettyAmount": "1.2974e-14",
          },
        },
      ],
      "reservePrice": "12974",
      "status": "Active",
      "tokenId": 2974,
      "tokenOwner": Object {
        "id": "10",
      },
    },
  },
}
`;

exports[`useNFT correctly loads multiple perpetual bid NFTs 1`] = `
Object {
  "auction": Object {
    "current": Object {
      "auctionType": "reserve",
      "endingAt": "12974",
      "likelyHasEnded": true,
      "reserveMet": true,
      "reservePrice": Object {
        "amount": "12974",
        "computedValue": undefined,
        "currency": Object {
          "decimals": 18,
          "id": "0xFACE",
          "name": "Wrapped Ether",
          "symbol": "WETH",
        },
        "prettyAmount": "1.2974e-14",
      },
    },
    "highestBid": Object {
      "placedAt": "12974",
      "placedBy": "10",
      "pricing": Object {
        "amount": "12974",
        "computedValue": undefined,
        "currency": Object {
          "decimals": 18,
          "id": "0xFACE",
          "name": "Wrapped Ether",
          "symbol": "WETH",
        },
        "prettyAmount": "1.2974e-14",
      },
    },
  },
  "nft": Object {
    "contentHash": "ByTeSStrInG",
    "contentURI": "Hello World",
    "createdAtTimestamp": "12974",
    "creator": Object {
      "id": "10",
    },
    "creatorBidShare": "12974",
    "creatorBidSharePercentage": 1.2974e-14,
    "id": "1",
    "metadataHash": "ByTeSStrInG",
    "metadataURI": "Hello World",
    "owner": Object {
      "id": "10",
    },
  },
  "pricing": Object {
    "perpetual": Object {
      "ask": Object {
        "createdAtTimestamp": "12974",
        "id": "46",
        "pricing": Object {
          "amount": "12974",
          "computedValue": undefined,
          "currency": Object {
            "decimals": 18,
            "id": "0xFACE",
            "name": "Wrapped Ether",
            "symbol": "WETH",
          },
          "prettyAmount": "1.2974e-14",
        },
      },
      "bids": Array [
        Object {
          "bidder": Object {
            "id": "10",
          },
          "createdAtTimestamp": "12974",
          "id": "47",
          "pricing": Object {
            "amount": "12974",
            "computedValue": undefined,
            "currency": Object {
              "decimals": 18,
              "id": "0xFACE",
              "name": "Wrapped Ether",
              "symbol": "WETH",
            },
            "prettyAmount": "1.2974e-14",
          },
        },
        Object {
          "bidder": Object {
            "id": "10",
          },
          "createdAtTimestamp": "12974",
          "id": "48",
          "pricing": Object {
            "amount": "12974",
            "computedValue": undefined,
            "currency": Object {
              "decimals": 18,
              "id": "0xFACE",
              "name": "Wrapped Ether",
              "symbol": "WETH",
            },
            "prettyAmount": "1.2974e-14",
          },
        },
      ],
    },
    "reserve": Object {
      "approved": true,
      "auctionCurrency": Object {
        "decimals": 18,
        "id": "0xFACE",
        "name": "Wrapped Ether",
        "symbol": "WETH",
      },
      "createdAtTimestamp": "12974",
      "curator": Object {
        "id": "10",
      },
      "curatorFeePercentage": 51,
      "currentBid": Object {
        "bidType": "Final",
        "bidder": Object {
          "id": "10",
        },
        "createdAtTimestamp": "12974",
        "pricing": Object {
          "amount": "12974",
          "computedValue": undefined,
          "currency": Object {
            "decimals": 18,
            "id": "0xFACE",
            "name": "Wrapped Ether",
            "symbol": "WETH",
          },
          "prettyAmount": "1.2974e-14",
        },
      },
      "duration": "12974",
      "expectedEndTimestamp": "12974",
      "finalizedAtTimestamp": "12974",
      "firstBidTime": "12974",
      "id": "49",
      "previousBids": Array [
        Object {
          "bidInactivatedAtBlockNumber": "12974",
          "bidInactivatedAtTimestamp": "12974",
          "bidType": "Final",
          "bidder": Object {
            "id": "10",
          },
          "createdAtTimestamp": "12974",
          "id": "53",
          "pricing": Object {
            "amount": "12974",
            "computedValue": undefined,
            "currency": Object {
              "decimals": 18,
              "id": "0xFACE",
              "name": "Wrapped Ether",
              "symbol": "WETH",
            },
            "prettyAmount": "1.2974e-14",
          },
        },
        Object {
          "bidInactivatedAtBlockNumber": "12974",
          "bidInactivatedAtTimestamp": "12974",
          "bidType": "Final",
          "bidder": Object {
            "id": "10",
          },
          "createdAtTimestamp": "12974",
          "id": "54",
          "pricing": Object {
            "amount": "12974",
            "computedValue": undefined,
            "currency": Object {
              "decimals": 18,
              "id": "0xFACE",
              "name": "Wrapped Ether",
              "symbol": "WETH",
            },
            "prettyAmount": "1.2974e-14",
          },
        },
      ],
      "reservePrice": "12974",
      "status": "Active",
      "tokenId": "12974",
      "tokenOwner": Object {
        "id": "10",
      },
    },
  },
}
`;

exports[`useNFT correctly loads multiple perpetual bid NFTs 2`] = `
Object {
  "auction": Object {
    "current": Object {
      "auctionType": "reserve",
      "endingAt": "12974",
      "likelyHasEnded": true,
      "reserveMet": true,
      "reservePrice": Object {
        "amount": "12974",
        "computedValue": undefined,
        "currency": Object {
          "decimals": 18,
          "id": "0xFACE",
          "name": "Wrapped Ether",
          "symbol": "WETH",
        },
        "prettyAmount": "1.2974e-14",
      },
    },
    "highestBid": Object {
      "placedAt": "12974",
      "placedBy": "10",
      "pricing": Object {
        "amount": "12974",
        "computedValue": undefined,
        "currency": Object {
          "decimals": 18,
          "id": "0xFACE",
          "name": "Wrapped Ether",
          "symbol": "WETH",
        },
        "prettyAmount": "1.2974e-14",
      },
    },
  },
  "nft": Object {
    "contentHash": "ByTeSStrInG",
    "contentURI": "Hello World",
    "createdAtTimestamp": "12974",
    "creator": Object {
      "id": "10",
    },
    "creatorBidShare": "12974",
    "creatorBidSharePercentage": 1.2974e-14,
    "id": "2",
    "metadataHash": "ByTeSStrInG",
    "metadataURI": "Hello World",
    "owner": Object {
      "id": "10",
    },
  },
  "pricing": Object {
    "perpetual": Object {
      "ask": Object {
        "createdAtTimestamp": "12974",
        "id": "59",
        "pricing": Object {
          "amount": "12974",
          "computedValue": undefined,
          "currency": Object {
            "decimals": 18,
            "id": "0xFACE",
            "name": "Wrapped Ether",
            "symbol": "WETH",
          },
          "prettyAmount": "1.2974e-14",
        },
      },
      "bids": Array [
        Object {
          "bidder": Object {
            "id": "10",
          },
          "createdAtTimestamp": "12974",
          "id": "60",
          "pricing": Object {
            "amount": "12974",
            "computedValue": undefined,
            "currency": Object {
              "decimals": 18,
              "id": "0xFACE",
              "name": "Wrapped Ether",
              "symbol": "WETH",
            },
            "prettyAmount": "1.2974e-14",
          },
        },
        Object {
          "bidder": Object {
            "id": "10",
          },
          "createdAtTimestamp": "12974",
          "id": "61",
          "pricing": Object {
            "amount": "12974",
            "computedValue": undefined,
            "currency": Object {
              "decimals": 18,
              "id": "0xFACE",
              "name": "Wrapped Ether",
              "symbol": "WETH",
            },
            "prettyAmount": "1.2974e-14",
          },
        },
      ],
    },
    "reserve": Object {
      "approved": true,
      "auctionCurrency": Object {
        "decimals": 18,
        "id": "0xFACE",
        "name": "Wrapped Ether",
        "symbol": "WETH",
      },
      "createdAtTimestamp": "12974",
      "curator": Object {
        "id": "10",
      },
      "curatorFeePercentage": 64,
      "currentBid": Object {
        "bidType": "Final",
        "bidder": Object {
          "id": "10",
        },
        "createdAtTimestamp": "12974",
        "pricing": Object {
          "amount": "12974",
          "computedValue": undefined,
          "currency": Object {
            "decimals": 18,
            "id": "0xFACE",
            "name": "Wrapped Ether",
            "symbol": "WETH",
          },
          "prettyAmount": "1.2974e-14",
        },
      },
      "duration": "12974",
      "expectedEndTimestamp": "12974",
      "finalizedAtTimestamp": "12974",
      "firstBidTime": "12974",
      "id": "62",
      "previousBids": Array [
        Object {
          "bidInactivatedAtBlockNumber": "12974",
          "bidInactivatedAtTimestamp": "12974",
          "bidType": "Final",
          "bidder": Object {
            "id": "10",
          },
          "createdAtTimestamp": "12974",
          "id": "66",
          "pricing": Object {
            "amount": "12974",
            "computedValue": undefined,
            "currency": Object {
              "decimals": 18,
              "id": "0xFACE",
              "name": "Wrapped Ether",
              "symbol": "WETH",
            },
            "prettyAmount": "1.2974e-14",
          },
        },
        Object {
          "bidInactivatedAtBlockNumber": "12974",
          "bidInactivatedAtTimestamp": "12974",
          "bidType": "Final",
          "bidder": Object {
            "id": "10",
          },
          "createdAtTimestamp": "12974",
          "id": "67",
          "pricing": Object {
            "amount": "12974",
            "computedValue": undefined,
            "currency": Object {
              "decimals": 18,
              "id": "0xFACE",
              "name": "Wrapped Ether",
              "symbol": "WETH",
            },
            "prettyAmount": "1.2974e-14",
          },
        },
      ],
      "reservePrice": "12974",
      "status": "Active",
      "tokenId": "12974",
      "tokenOwner": Object {
        "id": "10",
      },
    },
  },
}
`;

exports[`useNFT loads an NFT not in an auction with bids 1`] = `
Object {
  "auction": Object {
    "current": Object {
      "auctionType": "reserve",
      "endingAt": "12974",
      "likelyHasEnded": true,
      "reserveMet": true,
      "reservePrice": Object {
        "amount": "12974",
        "computedValue": undefined,
        "currency": Object {
          "decimals": 18,
          "id": "0xFACE",
          "name": "Wrapped Ether",
          "symbol": "WETH",
        },
        "prettyAmount": "1.2974e-14",
      },
    },
    "highestBid": Object {
      "placedAt": "12974",
      "placedBy": "10",
      "pricing": Object {
        "amount": "12974",
        "computedValue": undefined,
        "currency": Object {
          "decimals": 18,
          "id": "0xFACE",
          "name": "Wrapped Ether",
          "symbol": "WETH",
        },
        "prettyAmount": "1.2974e-14",
      },
    },
  },
  "nft": Object {
    "contentHash": "ByTeSStrInG",
    "contentURI": "https://zora.co/content",
    "createdAtTimestamp": "12974",
    "creator": Object {
      "id": "10",
    },
    "creatorBidShare": "12974",
    "creatorBidSharePercentage": 1.2974e-14,
    "id": "2974",
    "metadataHash": "ByTeSStrInG",
    "metadataURI": "https://zora.co/content",
    "owner": Object {
      "id": "10",
    },
  },
  "pricing": Object {
    "perpetual": Object {
      "ask": Object {
        "createdAtTimestamp": "12974",
        "id": "27",
        "pricing": Object {
          "amount": "12974",
          "computedValue": undefined,
          "currency": Object {
            "decimals": 18,
            "id": "0xFACE",
            "name": "Wrapped Ether",
            "symbol": "WETH",
          },
          "prettyAmount": "1.2974e-14",
        },
      },
      "bids": Array [
        Object {
          "bidder": Object {
            "id": "10",
          },
          "createdAtTimestamp": "12974",
          "id": "28",
          "pricing": Object {
            "amount": "10000",
            "computedValue": undefined,
            "currency": Object {
              "decimals": 18,
              "id": "0xFACE",
              "name": "Wrapped Ether",
              "symbol": "WETH",
            },
            "prettyAmount": "1e-14",
          },
        },
      ],
    },
    "reserve": Object {
      "approved": true,
      "auctionCurrency": Object {
        "decimals": 18,
        "id": "0xFACE",
        "name": "Wrapped Ether",
        "symbol": "WETH",
      },
      "createdAtTimestamp": "12974",
      "curator": Object {
        "id": "10",
      },
      "curatorFeePercentage": 100,
      "currentBid": Object {
        "bidType": "Final",
        "bidder": Object {
          "id": "10",
        },
        "createdAtTimestamp": "12974",
        "pricing": Object {
          "amount": "12974",
          "computedValue": undefined,
          "currency": Object {
            "decimals": 18,
            "id": "0xFACE",
            "name": "Wrapped Ether",
            "symbol": "WETH",
          },
          "prettyAmount": "1.2974e-14",
        },
      },
      "duration": "12974",
      "expectedEndTimestamp": "12974",
      "finalizedAtTimestamp": "12974",
      "firstBidTime": "12974",
      "id": "29",
      "previousBids": Array [
        Object {
          "bidInactivatedAtBlockNumber": "12974",
          "bidInactivatedAtTimestamp": "12974",
          "bidType": "Final",
          "bidder": Object {
            "id": "10",
          },
          "createdAtTimestamp": "12974",
          "id": "32",
          "pricing": Object {
            "amount": "12974",
            "computedValue": undefined,
            "currency": Object {
              "decimals": 18,
              "id": "0xFACE",
              "name": "Wrapped Ether",
              "symbol": "WETH",
            },
            "prettyAmount": "1.2974e-14",
          },
        },
        Object {
          "bidInactivatedAtBlockNumber": "12974",
          "bidInactivatedAtTimestamp": "12974",
          "bidType": "Final",
          "bidder": Object {
            "id": "10",
          },
          "createdAtTimestamp": "12974",
          "id": "33",
          "pricing": Object {
            "amount": "12974",
            "computedValue": undefined,
            "currency": Object {
              "decimals": 18,
              "id": "0xFACE",
              "name": "Wrapped Ether",
              "symbol": "WETH",
            },
            "prettyAmount": "1.2974e-14",
          },
        },
      ],
      "reservePrice": "12974",
      "status": "Active",
      "tokenId": "-1",
      "tokenOwner": Object {
        "id": "10",
      },
    },
  },
}
`;

exports[`useNFT loads an NFT with no bids and no auction 1`] = `
Object {
  "auction": Object {
    "current": Object {
      "auctionType": "reserve",
      "endingAt": "12974",
      "likelyHasEnded": true,
      "reserveMet": true,
      "reservePrice": Object {
        "amount": "12974",
        "computedValue": undefined,
        "currency": Object {
          "decimals": 18,
          "id": "0xFACE",
          "name": "Wrapped Ether",
          "symbol": "WETH",
        },
        "prettyAmount": "1.2974e-14",
      },
    },
    "highestBid": Object {
      "placedAt": "12974",
      "placedBy": "10",
      "pricing": Object {
        "amount": "12974",
        "computedValue": undefined,
        "currency": Object {
          "decimals": 18,
          "id": "0xFACE",
          "name": "Wrapped Ether",
          "symbol": "WETH",
        },
        "prettyAmount": "1.2974e-14",
      },
    },
  },
  "nft": Object {
    "contentHash": "ByTeSStrInG",
    "contentURI": "https://zora.co/content",
    "createdAtTimestamp": "12974",
    "creator": Object {
      "id": "10",
    },
    "creatorBidShare": "12974",
    "creatorBidSharePercentage": 1.2974e-14,
    "id": "2974",
    "metadataHash": "ByTeSStrInG",
    "metadataURI": "https://zora.co/content",
    "owner": Object {
      "id": "10",
    },
  },
  "pricing": Object {
    "perpetual": Object {
      "ask": Object {
        "createdAtTimestamp": "12974",
        "id": "37",
        "pricing": Object {
          "amount": "12974",
          "computedValue": undefined,
          "currency": Object {
            "decimals": 18,
            "id": "0xFACE",
            "name": "Wrapped Ether",
            "symbol": "WETH",
          },
          "prettyAmount": "1.2974e-14",
        },
      },
      "bids": Array [],
    },
    "reserve": Object {
      "approved": true,
      "auctionCurrency": Object {
        "decimals": 18,
        "id": "0xFACE",
        "name": "Wrapped Ether",
        "symbol": "WETH",
      },
      "createdAtTimestamp": "12974",
      "curator": Object {
        "id": "10",
      },
      "curatorFeePercentage": 100,
      "currentBid": Object {
        "bidType": "Final",
        "bidder": Object {
          "id": "10",
        },
        "createdAtTimestamp": "12974",
        "pricing": Object {
          "amount": "12974",
          "computedValue": undefined,
          "currency": Object {
            "decimals": 18,
            "id": "0xFACE",
            "name": "Wrapped Ether",
            "symbol": "WETH",
          },
          "prettyAmount": "1.2974e-14",
        },
      },
      "duration": "12974",
      "expectedEndTimestamp": "12974",
      "finalizedAtTimestamp": "12974",
      "firstBidTime": "12974",
      "id": "38",
      "previousBids": Array [
        Object {
          "bidInactivatedAtBlockNumber": "12974",
          "bidInactivatedAtTimestamp": "12974",
          "bidType": "Final",
          "bidder": Object {
            "id": "10",
          },
          "createdAtTimestamp": "12974",
          "id": "41",
          "pricing": Object {
            "amount": "12974",
            "computedValue": undefined,
            "currency": Object {
              "decimals": 18,
              "id": "0xFACE",
              "name": "Wrapped Ether",
              "symbol": "WETH",
            },
            "prettyAmount": "1.2974e-14",
          },
        },
        Object {
          "bidInactivatedAtBlockNumber": "12974",
          "bidInactivatedAtTimestamp": "12974",
          "bidType": "Final",
          "bidder": Object {
            "id": "10",
          },
          "createdAtTimestamp": "12974",
          "id": "42",
          "pricing": Object {
            "amount": "12974",
            "computedValue": undefined,
            "currency": Object {
              "decimals": 18,
              "id": "0xFACE",
              "name": "Wrapped Ether",
              "symbol": "WETH",
            },
            "prettyAmount": "1.2974e-14",
          },
        },
      ],
      "reservePrice": "12974",
      "status": "Active",
      "tokenId": "-1",
      "tokenOwner": Object {
        "id": "10",
      },
    },
  },
}
`;

exports[`useNFT loads an nft currently in an auction 1`] = `
Object {
  "auction": Object {
    "current": Object {
      "auctionType": "reserve",
      "endingAt": "12974",
      "likelyHasEnded": true,
      "reserveMet": true,
      "reservePrice": Object {
        "amount": "12974",
        "computedValue": undefined,
        "currency": Object {
          "decimals": 18,
          "id": "0xFACE",
          "name": "Wrapped Ether",
          "symbol": "WETH",
        },
        "prettyAmount": "1.2974e-14",
      },
    },
    "highestBid": Object {
      "placedAt": "12974",
      "placedBy": "10",
      "pricing": Object {
        "amount": "12974",
        "computedValue": undefined,
        "currency": Object {
          "decimals": 18,
          "id": "0xFACE",
          "name": "Wrapped Ether",
          "symbol": "WETH",
        },
        "prettyAmount": "1.2974e-14",
      },
    },
  },
  "nft": Object {
    "contentHash": "ByTeSStrInG",
    "contentURI": "https://zora.co/content",
    "createdAtTimestamp": "12974",
    "creator": Object {
      "id": "10",
    },
    "creatorBidShare": "12974",
    "creatorBidSharePercentage": 1.2974e-14,
    "id": "2974",
    "metadataHash": "ByTeSStrInG",
    "metadataURI": "https://zora.co/content",
    "owner": Object {
      "id": "10",
    },
  },
  "pricing": Object {
    "perpetual": Object {
      "ask": Object {
        "createdAtTimestamp": "12974",
        "id": "2",
        "pricing": Object {
          "amount": "12974",
          "computedValue": undefined,
          "currency": Object {
            "decimals": 18,
            "id": "0xFACE",
            "name": "Wrapped Ether",
            "symbol": "WETH",
          },
          "prettyAmount": "1.2974e-14",
        },
      },
      "bids": Array [
        Object {
          "bidder": Object {
            "id": "10",
          },
          "createdAtTimestamp": "12974",
          "id": "3",
          "pricing": Object {
            "amount": "10000",
            "computedValue": undefined,
            "currency": Object {
              "decimals": 18,
              "id": "0xFACE",
              "name": "Wrapped Ether",
              "symbol": "WETH",
            },
            "prettyAmount": "1e-14",
          },
        },
      ],
    },
    "reserve": Object {
      "approved": true,
      "auctionCurrency": Object {
        "decimals": 18,
        "id": "0xFACE",
        "name": "Wrapped Ether",
        "symbol": "WETH",
      },
      "createdAtTimestamp": "12974",
      "curator": Object {
        "id": "10",
      },
      "curatorFeePercentage": 100,
      "currentBid": Object {
        "bidType": "Final",
        "bidder": Object {
          "id": "10",
        },
        "createdAtTimestamp": "12974",
        "pricing": Object {
          "amount": "12974",
          "computedValue": undefined,
          "currency": Object {
            "decimals": 18,
            "id": "0xFACE",
            "name": "Wrapped Ether",
            "symbol": "WETH",
          },
          "prettyAmount": "1.2974e-14",
        },
      },
      "duration": "12974",
      "expectedEndTimestamp": "12974",
      "finalizedAtTimestamp": "12974",
      "firstBidTime": "12974",
      "id": "4",
      "previousBids": Array [
        Object {
          "bidInactivatedAtBlockNumber": "12974",
          "bidInactivatedAtTimestamp": "12974",
          "bidType": "Final",
          "bidder": Object {
            "id": "10",
          },
          "createdAtTimestamp": "12974",
          "id": "7",
          "pricing": Object {
            "amount": "12974",
            "computedValue": undefined,
            "currency": Object {
              "decimals": 18,
              "id": "0xFACE",
              "name": "Wrapped Ether",
              "symbol": "WETH",
            },
            "prettyAmount": "1.2974e-14",
          },
        },
        Object {
          "bidInactivatedAtBlockNumber": "12974",
          "bidInactivatedAtTimestamp": "12974",
          "bidType": "Final",
          "bidder": Object {
            "id": "10",
          },
          "createdAtTimestamp": "12974",
          "id": "8",
          "pricing": Object {
            "amount": "12974",
            "computedValue": undefined,
            "currency": Object {
              "decimals": 18,
              "id": "0xFACE",
              "name": "Wrapped Ether",
              "symbol": "WETH",
            },
            "prettyAmount": "1.2974e-14",
          },
        },
      ],
      "reservePrice": "12974",
      "status": "Active",
      "tokenId": 2974,
      "tokenOwner": Object {
        "id": "10",
      },
    },
  },
}
`;
