// Jest Snapshot v1, https://goo.gl/fbAQLP

exports[`useNFT test opensea media load 1`] = `
Object {
  "markets": Array [
    Object {
      "amount": Object {
        "amount": "10000000000000000",
        "currency": "0x0000000000000000000000000000000000000000",
        "decimals": 18,
        "name": "Ethereum",
        "prettyAmount": "0.01",
        "symbol": "ETH",
      },
      "bids": Array [
        Object {
          "amount": Object {
            "amount": "120000000000000000",
            "currency": "0x0000000000000000000000000000000000000000",
            "decimals": 18,
            "name": "Ethereum",
            "prettyAmount": "0.12",
            "symbol": "ETH",
          },
          "block": Object {
            "number": undefined,
            "timestamp": "1632472960",
            "txn": "0x4a06bca5ede42d00b5651f7c0dc55e8a963c34f8e128ebf3ad30b601256589dd",
          },
          "creator": "0xc3d062a208d6cd89a606c88265efcee430339eaa",
        },
        Object {
          "amount": Object {
            "amount": "100000000000000000",
            "currency": "0x0000000000000000000000000000000000000000",
            "decimals": 18,
            "name": "Ethereum",
            "prettyAmount": "0.10",
            "symbol": "ETH",
          },
          "block": Object {
            "number": undefined,
            "timestamp": "1632472105",
            "txn": "0x9588c5f70d60b7c43eb25bc528e08b39f3458b03bde4b6d0fc48d6a874e29971",
          },
          "creator": "0xac298abdbdd3a2c758546070ce54f3b98818969d",
        },
      ],
      "cancelledAt": undefined,
      "createdAt": "1632472015",
      "currentBid": Object {
        "amount": Object {
          "amount": "100000000000000000",
          "currency": "0x0000000000000000000000000000000000000000",
          "decimals": 18,
          "name": "Ethereum",
          "prettyAmount": "0.10",
          "symbol": "ETH",
        },
        "block": Object {
          "number": undefined,
          "timestamp": "1632472105",
          "txn": "0x9588c5f70d60b7c43eb25bc528e08b39f3458b03bde4b6d0fc48d6a874e29971",
        },
        "creator": "0xac298abdbdd3a2c758546070ce54f3b98818969d",
      },
      "duration": "1755",
      "endsAt": "1632473860",
      "finishedAt": "1632473906",
      "raw": Object {
        "approved": true,
        "approvedTimestamp": "1632472015",
        "auctionCurrency": Object {
          "decimals": 0,
          "id": "0x0000000000000000000000000000000000000000",
          "name": "unknown",
          "symbol": "unknown",
        },
        "createdAtBlockNumber": "9347718",
        "createdAtTimestamp": "1632472015",
        "curator": Object {
          "id": "0xac298abdbdd3a2c758546070ce54f3b98818969d",
        },
        "curatorFeePercentage": 2,
        "currentBid": null,
        "duration": "1755",
        "expectedEndTimestamp": "1632473860",
        "finalizedAtTimestamp": "1632473906",
        "firstBidTime": "1632472105",
        "id": "1000",
        "media": null,
        "previousBids": Array [
          Object {
            "amount": "120000000000000000",
            "bidInactivatedAtBlockNumber": "9347844",
            "bidInactivatedAtTimestamp": "1632473906",
            "bidType": "Final",
            "bidder": Object {
              "id": "0xc3d062a208d6cd89a606c88265efcee430339eaa",
            },
            "createdAtTimestamp": "1632472960",
            "id": "1000-0x4a06bca5ede42d00b5651f7c0dc55e8a963c34f8e128ebf3ad30b601256589dd-28",
            "transactionHash": "0x4a06bca5ede42d00b5651f7c0dc55e8a963c34f8e128ebf3ad30b601256589dd",
          },
          Object {
            "amount": "100000000000000000",
            "bidInactivatedAtBlockNumber": "9347781",
            "bidInactivatedAtTimestamp": "1632472960",
            "bidType": "Refunded",
            "bidder": Object {
              "id": "0xac298abdbdd3a2c758546070ce54f3b98818969d",
            },
            "createdAtTimestamp": "1632472105",
            "id": "1000-0x9588c5f70d60b7c43eb25bc528e08b39f3458b03bde4b6d0fc48d6a874e29971-39",
            "transactionHash": "0x9588c5f70d60b7c43eb25bc528e08b39f3458b03bde4b6d0fc48d6a874e29971",
          },
        ],
        "reservePrice": "10000000000000000",
        "status": "Finished",
        "token": "0x123555e20379ef0d8583d4c856f12abd2d808ab2-1",
        "tokenContract": "0x123555e20379ef0d8583d4c856f12abd2d808ab2",
        "tokenId": "1",
        "tokenOwner": Object {
          "id": "0xac298abdbdd3a2c758546070ce54f3b98818969d",
        },
        "transactionHash": "0x806812e7f75b2d4b132d0ef5264e9d36fe615ce97e75264ccc0d498d6290d33d",
      },
      "source": "ZoraReserveV0",
      "startedAt": "1632472105",
      "status": "active",
      "winner": undefined,
    },
  ],
  "media": Object {
    "full": "https://lh3.googleusercontent.com/bZpqjmaSdi_TyP8F64YoIjlN_wfdSIs89FHZQ2KonJ7rI1hVXUxZ-ViCHawCydK-6uTiYWCZP2z9HWUxm_IHW_IvtjvBk4jyGGw0",
    "preview": "https://lh3.googleusercontent.com/bZpqjmaSdi_TyP8F64YoIjlN_wfdSIs89FHZQ2KonJ7rI1hVXUxZ-ViCHawCydK-6uTiYWCZP2z9HWUxm_IHW_IvtjvBk4jyGGw0=s250",
    "source": "opensea",
    "thumbnail": "https://lh3.googleusercontent.com/bZpqjmaSdi_TyP8F64YoIjlN_wfdSIs89FHZQ2KonJ7rI1hVXUxZ-ViCHawCydK-6uTiYWCZP2z9HWUxm_IHW_IvtjvBk4jyGGw0=s128",
  },
  "metadata": Object {
    "animation_url": null,
    "description": null,
    "image": "https://lh3.googleusercontent.com/bZpqjmaSdi_TyP8F64YoIjlN_wfdSIs89FHZQ2KonJ7rI1hVXUxZ-ViCHawCydK-6uTiYWCZP2z9HWUxm_IHW_IvtjvBk4jyGGw0",
    "name": null,
  },
  "nft": Object {
    "contentURI": "https://nftredzone.mypinata.cloud/ipfs/QmRz5q1Lxc7THrSTEFrQGbrveN4PhGB7Z24Qe9fFwiTPdo/Card-Donkeys-Flex.jpg",
    "contract": Object {
      "address": "0x123555e20379ef0d8583d4c856f12abd2d808ab2",
      "description": null,
      "name": "NFTS",
      "symbol": "NFTS",
    },
    "creator": "0xac298abdbdd3a2c758546070ce54f3b98818969d",
    "metadataURI": "https://nftredzone.mypinata.cloud/ipfs/QmWQqiqQzYBznWqa51mqfo6jkMCiz4DX5dZqDg4KRUMbFL/1",
    "owner": "0xc3d062a208d6cd89a606c88265efcee430339eaa",
    "tokenId": "8971515",
  },
  "rawData": Object {
    "opensea": Object {
      "animation_original_url": null,
      "animation_url": null,
      "asset_contract": Object {
        "address": "0x123555e20379ef0d8583d4c856f12abd2d808ab2",
        "asset_contract_type": "non-fungible",
        "buyer_fee_basis_points": 0,
        "created_date": "2021-09-24T08:23:14.246293",
        "default_to_fiat": false,
        "description": null,
        "dev_buyer_fee_basis_points": 0,
        "dev_seller_fee_basis_points": 0,
        "external_link": null,
        "image_url": null,
        "name": "NFTS",
        "nft_version": "3.0",
        "only_proxied_transfers": false,
        "opensea_buyer_fee_basis_points": 0,
        "opensea_seller_fee_basis_points": 250,
        "opensea_version": null,
        "owner": 2924515,
        "payout_address": null,
        "schema_name": "ERC721",
        "seller_fee_basis_points": 250,
        "symbol": "NFTS",
        "total_supply": null,
      },
      "background_color": null,
      "collection": Object {
        "banner_image_url": null,
        "chat_url": null,
        "created_date": "2021-09-24T08:23:45.250629",
        "default_to_fiat": false,
        "description": null,
        "dev_buyer_fee_basis_points": "0",
        "dev_seller_fee_basis_points": "0",
        "discord_url": null,
        "display_data": Object {
          "card_display_style": "contain",
          "images": Array [],
        },
        "external_url": null,
        "featured": false,
        "featured_image_url": null,
        "hidden": false,
        "image_url": null,
        "instagram_username": null,
        "is_subject_to_whitelist": false,
        "large_image_url": null,
        "medium_username": null,
        "name": "NFTS - Kp9Lk1yONv",
        "only_proxied_transfers": false,
        "opensea_buyer_fee_basis_points": "0",
        "opensea_seller_fee_basis_points": "250",
        "payout_address": null,
        "require_email": false,
        "safelist_request_status": "not_requested",
        "short_description": null,
        "slug": "nfts-kp9lk1yonv",
        "telegram_url": null,
        "twitter_username": null,
        "wiki_url": null,
      },
      "creator": Object {
        "address": "0xac298abdbdd3a2c758546070ce54f3b98818969d",
        "config": "",
        "profile_img_url": "https://storage.googleapis.com/opensea-static/opensea-profile/11.png",
        "user": null,
      },
      "decimals": 0,
      "description": null,
      "external_link": null,
      "id": 8971515,
      "image_original_url": "https://nftredzone.mypinata.cloud/ipfs/QmRz5q1Lxc7THrSTEFrQGbrveN4PhGB7Z24Qe9fFwiTPdo/Card-Donkeys-Flex.jpg",
      "image_preview_url": "https://lh3.googleusercontent.com/bZpqjmaSdi_TyP8F64YoIjlN_wfdSIs89FHZQ2KonJ7rI1hVXUxZ-ViCHawCydK-6uTiYWCZP2z9HWUxm_IHW_IvtjvBk4jyGGw0=s250",
      "image_thumbnail_url": "https://lh3.googleusercontent.com/bZpqjmaSdi_TyP8F64YoIjlN_wfdSIs89FHZQ2KonJ7rI1hVXUxZ-ViCHawCydK-6uTiYWCZP2z9HWUxm_IHW_IvtjvBk4jyGGw0=s128",
      "image_url": "https://lh3.googleusercontent.com/bZpqjmaSdi_TyP8F64YoIjlN_wfdSIs89FHZQ2KonJ7rI1hVXUxZ-ViCHawCydK-6uTiYWCZP2z9HWUxm_IHW_IvtjvBk4jyGGw0",
      "is_presale": false,
      "last_sale": null,
      "listing_date": null,
      "name": null,
      "num_sales": 0,
      "owner": Object {
        "address": "0xc3d062a208d6cd89a606c88265efcee430339eaa",
        "config": "",
        "profile_img_url": "https://storage.googleapis.com/opensea-static/opensea-profile/21.png",
        "user": null,
      },
      "permalink": "https://testnets.opensea.io/assets/0x123555e20379ef0d8583d4c856f12abd2d808ab2/1",
      "sell_orders": null,
      "token_id": "1",
      "token_metadata": "https://nftredzone.mypinata.cloud/ipfs/QmWQqiqQzYBznWqa51mqfo6jkMCiz4DX5dZqDg4KRUMbFL/1",
      "top_bid": null,
      "traits": Array [
        Object {
          "display_type": null,
          "max_value": null,
          "order": null,
          "trait_count": 1,
          "trait_type": "Team",
          "value": "Donkeys",
        },
        Object {
          "display_type": null,
          "max_value": null,
          "order": null,
          "trait_count": 1,
          "trait_type": "Position",
          "value": "Flex",
        },
        Object {
          "display_type": null,
          "max_value": null,
          "order": null,
          "trait_count": 2,
          "trait_type": "Slabbed",
          "value": "No",
        },
        Object {
          "display_type": null,
          "max_value": null,
          "order": null,
          "trait_count": 1,
          "trait_type": "Field Access",
          "value": "1",
        },
      ],
      "transfer_fee": null,
      "transfer_fee_payment_token": null,
    },
  },
}
`;

exports[`useNFT test zora graph media load 1`] = `
Object {
  "markets": Array [
    Object {
      "amount": Object {
        "amount": "10000000000000000",
        "currency": "0x0000000000000000000000000000000000000000",
        "decimals": 18,
        "name": "Ethereum",
        "prettyAmount": "0.01",
        "symbol": "ETH",
      },
      "bids": Array [
        Object {
          "amount": Object {
            "amount": "120000000000000000",
            "currency": "0x0000000000000000000000000000000000000000",
            "decimals": 18,
            "name": "Ethereum",
            "prettyAmount": "0.12",
            "symbol": "ETH",
          },
          "block": Object {
            "number": undefined,
            "timestamp": "1632472960",
            "txn": "0x4a06bca5ede42d00b5651f7c0dc55e8a963c34f8e128ebf3ad30b601256589dd",
          },
          "creator": "0xc3d062a208d6cd89a606c88265efcee430339eaa",
        },
        Object {
          "amount": Object {
            "amount": "100000000000000000",
            "currency": "0x0000000000000000000000000000000000000000",
            "decimals": 18,
            "name": "Ethereum",
            "prettyAmount": "0.10",
            "symbol": "ETH",
          },
          "block": Object {
            "number": undefined,
            "timestamp": "1632472105",
            "txn": "0x9588c5f70d60b7c43eb25bc528e08b39f3458b03bde4b6d0fc48d6a874e29971",
          },
          "creator": "0xac298abdbdd3a2c758546070ce54f3b98818969d",
        },
      ],
      "cancelledAt": undefined,
      "createdAt": "1632472015",
      "currentBid": Object {
        "amount": Object {
          "amount": "100000000000000000",
          "currency": "0x0000000000000000000000000000000000000000",
          "decimals": 18,
          "name": "Ethereum",
          "prettyAmount": "0.10",
          "symbol": "ETH",
        },
        "block": Object {
          "number": undefined,
          "timestamp": "1632472105",
          "txn": "0x9588c5f70d60b7c43eb25bc528e08b39f3458b03bde4b6d0fc48d6a874e29971",
        },
        "creator": "0xac298abdbdd3a2c758546070ce54f3b98818969d",
      },
      "duration": "1755",
      "endsAt": "1632473860",
      "finishedAt": "1632473906",
      "raw": Object {
        "approved": true,
        "approvedTimestamp": "1632472015",
        "auctionCurrency": Object {
          "decimals": 0,
          "id": "0x0000000000000000000000000000000000000000",
          "name": "unknown",
          "symbol": "unknown",
        },
        "createdAtBlockNumber": "9347718",
        "createdAtTimestamp": "1632472015",
        "curator": Object {
          "id": "0xac298abdbdd3a2c758546070ce54f3b98818969d",
        },
        "curatorFeePercentage": 2,
        "currentBid": null,
        "duration": "1755",
        "expectedEndTimestamp": "1632473860",
        "finalizedAtTimestamp": "1632473906",
        "firstBidTime": "1632472105",
        "id": "1000",
        "media": null,
        "previousBids": Array [
          Object {
            "amount": "120000000000000000",
            "bidInactivatedAtBlockNumber": "9347844",
            "bidInactivatedAtTimestamp": "1632473906",
            "bidType": "Final",
            "bidder": Object {
              "id": "0xc3d062a208d6cd89a606c88265efcee430339eaa",
            },
            "createdAtTimestamp": "1632472960",
            "id": "1000-0x4a06bca5ede42d00b5651f7c0dc55e8a963c34f8e128ebf3ad30b601256589dd-28",
            "transactionHash": "0x4a06bca5ede42d00b5651f7c0dc55e8a963c34f8e128ebf3ad30b601256589dd",
          },
          Object {
            "amount": "100000000000000000",
            "bidInactivatedAtBlockNumber": "9347781",
            "bidInactivatedAtTimestamp": "1632472960",
            "bidType": "Refunded",
            "bidder": Object {
              "id": "0xac298abdbdd3a2c758546070ce54f3b98818969d",
            },
            "createdAtTimestamp": "1632472105",
            "id": "1000-0x9588c5f70d60b7c43eb25bc528e08b39f3458b03bde4b6d0fc48d6a874e29971-39",
            "transactionHash": "0x9588c5f70d60b7c43eb25bc528e08b39f3458b03bde4b6d0fc48d6a874e29971",
          },
        ],
        "reservePrice": "10000000000000000",
        "status": "Finished",
        "token": "0x123555e20379ef0d8583d4c856f12abd2d808ab2-1",
        "tokenContract": "0x123555e20379ef0d8583d4c856f12abd2d808ab2",
        "tokenId": "1",
        "tokenOwner": Object {
          "id": "0xac298abdbdd3a2c758546070ce54f3b98818969d",
        },
        "transactionHash": "0x806812e7f75b2d4b132d0ef5264e9d36fe615ce97e75264ccc0d498d6290d33d",
      },
      "source": "ZoraReserveV0",
      "startedAt": "1632472105",
      "status": "active",
      "winner": undefined,
    },
  ],
  "media": Object {
    "full": "https://lh3.googleusercontent.com/bZpqjmaSdi_TyP8F64YoIjlN_wfdSIs89FHZQ2KonJ7rI1hVXUxZ-ViCHawCydK-6uTiYWCZP2z9HWUxm_IHW_IvtjvBk4jyGGw0",
    "preview": "https://lh3.googleusercontent.com/bZpqjmaSdi_TyP8F64YoIjlN_wfdSIs89FHZQ2KonJ7rI1hVXUxZ-ViCHawCydK-6uTiYWCZP2z9HWUxm_IHW_IvtjvBk4jyGGw0=s250",
    "source": "opensea",
    "thumbnail": "https://lh3.googleusercontent.com/bZpqjmaSdi_TyP8F64YoIjlN_wfdSIs89FHZQ2KonJ7rI1hVXUxZ-ViCHawCydK-6uTiYWCZP2z9HWUxm_IHW_IvtjvBk4jyGGw0=s128",
  },
  "metadata": Object {
    "animation_url": null,
    "description": null,
    "image": "https://lh3.googleusercontent.com/bZpqjmaSdi_TyP8F64YoIjlN_wfdSIs89FHZQ2KonJ7rI1hVXUxZ-ViCHawCydK-6uTiYWCZP2z9HWUxm_IHW_IvtjvBk4jyGGw0",
    "name": null,
  },
  "nft": Object {
    "contentURI": "https://nftredzone.mypinata.cloud/ipfs/QmRz5q1Lxc7THrSTEFrQGbrveN4PhGB7Z24Qe9fFwiTPdo/Card-Donkeys-Flex.jpg",
    "contract": Object {
      "address": "0x123555e20379ef0d8583d4c856f12abd2d808ab2",
      "description": null,
      "name": "NFTS",
      "symbol": "NFTS",
    },
    "creator": "0xac298abdbdd3a2c758546070ce54f3b98818969d",
    "metadataURI": "https://nftredzone.mypinata.cloud/ipfs/QmWQqiqQzYBznWqa51mqfo6jkMCiz4DX5dZqDg4KRUMbFL/1",
    "owner": "0xc3d062a208d6cd89a606c88265efcee430339eaa",
    "tokenId": "8971515",
  },
  "rawData": Object {
    "opensea": Object {
      "animation_original_url": null,
      "animation_url": null,
      "asset_contract": Object {
        "address": "0x123555e20379ef0d8583d4c856f12abd2d808ab2",
        "asset_contract_type": "non-fungible",
        "buyer_fee_basis_points": 0,
        "created_date": "2021-09-24T08:23:14.246293",
        "default_to_fiat": false,
        "description": null,
        "dev_buyer_fee_basis_points": 0,
        "dev_seller_fee_basis_points": 0,
        "external_link": null,
        "image_url": null,
        "name": "NFTS",
        "nft_version": "3.0",
        "only_proxied_transfers": false,
        "opensea_buyer_fee_basis_points": 0,
        "opensea_seller_fee_basis_points": 250,
        "opensea_version": null,
        "owner": 2924515,
        "payout_address": null,
        "schema_name": "ERC721",
        "seller_fee_basis_points": 250,
        "symbol": "NFTS",
        "total_supply": null,
      },
      "background_color": null,
      "collection": Object {
        "banner_image_url": null,
        "chat_url": null,
        "created_date": "2021-09-24T08:23:45.250629",
        "default_to_fiat": false,
        "description": null,
        "dev_buyer_fee_basis_points": "0",
        "dev_seller_fee_basis_points": "0",
        "discord_url": null,
        "display_data": Object {
          "card_display_style": "contain",
          "images": Array [],
        },
        "external_url": null,
        "featured": false,
        "featured_image_url": null,
        "hidden": false,
        "image_url": null,
        "instagram_username": null,
        "is_subject_to_whitelist": false,
        "large_image_url": null,
        "medium_username": null,
        "name": "NFTS - Kp9Lk1yONv",
        "only_proxied_transfers": false,
        "opensea_buyer_fee_basis_points": "0",
        "opensea_seller_fee_basis_points": "250",
        "payout_address": null,
        "require_email": false,
        "safelist_request_status": "not_requested",
        "short_description": null,
        "slug": "nfts-kp9lk1yonv",
        "telegram_url": null,
        "twitter_username": null,
        "wiki_url": null,
      },
      "creator": Object {
        "address": "0xac298abdbdd3a2c758546070ce54f3b98818969d",
        "config": "",
        "profile_img_url": "https://storage.googleapis.com/opensea-static/opensea-profile/11.png",
        "user": null,
      },
      "decimals": 0,
      "description": null,
      "external_link": null,
      "id": 8971515,
      "image_original_url": "https://nftredzone.mypinata.cloud/ipfs/QmRz5q1Lxc7THrSTEFrQGbrveN4PhGB7Z24Qe9fFwiTPdo/Card-Donkeys-Flex.jpg",
      "image_preview_url": "https://lh3.googleusercontent.com/bZpqjmaSdi_TyP8F64YoIjlN_wfdSIs89FHZQ2KonJ7rI1hVXUxZ-ViCHawCydK-6uTiYWCZP2z9HWUxm_IHW_IvtjvBk4jyGGw0=s250",
      "image_thumbnail_url": "https://lh3.googleusercontent.com/bZpqjmaSdi_TyP8F64YoIjlN_wfdSIs89FHZQ2KonJ7rI1hVXUxZ-ViCHawCydK-6uTiYWCZP2z9HWUxm_IHW_IvtjvBk4jyGGw0=s128",
      "image_url": "https://lh3.googleusercontent.com/bZpqjmaSdi_TyP8F64YoIjlN_wfdSIs89FHZQ2KonJ7rI1hVXUxZ-ViCHawCydK-6uTiYWCZP2z9HWUxm_IHW_IvtjvBk4jyGGw0",
      "is_presale": false,
      "last_sale": null,
      "listing_date": null,
      "name": null,
      "num_sales": 0,
      "owner": Object {
        "address": "0xc3d062a208d6cd89a606c88265efcee430339eaa",
        "config": "",
        "profile_img_url": "https://storage.googleapis.com/opensea-static/opensea-profile/21.png",
        "user": null,
      },
      "permalink": "https://testnets.opensea.io/assets/0x123555e20379ef0d8583d4c856f12abd2d808ab2/1",
      "sell_orders": null,
      "token_id": "1",
      "token_metadata": "https://nftredzone.mypinata.cloud/ipfs/QmWQqiqQzYBznWqa51mqfo6jkMCiz4DX5dZqDg4KRUMbFL/1",
      "top_bid": null,
      "traits": Array [
        Object {
          "display_type": null,
          "max_value": null,
          "order": null,
          "trait_count": 1,
          "trait_type": "Team",
          "value": "Donkeys",
        },
        Object {
          "display_type": null,
          "max_value": null,
          "order": null,
          "trait_count": 1,
          "trait_type": "Position",
          "value": "Flex",
        },
        Object {
          "display_type": null,
          "max_value": null,
          "order": null,
          "trait_count": 2,
          "trait_type": "Slabbed",
          "value": "No",
        },
        Object {
          "display_type": null,
          "max_value": null,
          "order": null,
          "trait_count": 1,
          "trait_type": "Field Access",
          "value": "1",
        },
      ],
      "transfer_fee": null,
      "transfer_fee_payment_token": null,
    },
  },
}
`;

exports[`useNFT test zora indexer media load 1`] = `
Object {
  "markets": Array [
    Object {
      "amount": Object {
        "amount": "3000000000000000000",
        "currency": "0x0000000000000000000000000000000000000000",
        "decimals": 18,
        "name": "Ethereum",
        "prettyAmount": "3.00",
        "symbol": "ETH",
      },
      "bids": Array [],
      "cancelledAt": undefined,
      "createdAt": "1642607884",
      "currentBid": Object {
        "amount": Object {
          "amount": "3000000000000000000",
          "currency": "0x0000000000000000000000000000000000000000",
          "decimals": 18,
          "name": "Ethereum",
          "prettyAmount": "3.00",
          "symbol": "ETH",
        },
        "block": Object {
          "number": undefined,
          "timestamp": "1642723306",
          "txn": "0xe2fecec422db663cb8f56206d667a1d1c791bf137781d4a57efbea675b574916",
        },
        "creator": "0x5b93ff82faaf241c15997ea3975419dddd8362c5",
      },
      "duration": "86400",
      "endsAt": "1642809706",
      "finishedAt": null,
      "raw": Object {
        "approved": true,
        "approvedTimestamp": "1642607884",
        "auctionCurrency": Object {
          "decimals": 0,
          "id": "0x0000000000000000000000000000000000000000",
          "name": "unknown",
          "symbol": "unknown",
        },
        "createdAtBlockNumber": "14036894",
        "createdAtTimestamp": "1642607884",
        "curator": Object {
          "id": "0x51761d3cf3d6c954e5016ccf6f67f2d3a7749459",
        },
        "curatorFeePercentage": 0,
        "currentBid": Object {
          "amount": "3000000000000000000",
          "bidType": "Active",
          "bidder": Object {
            "id": "0x5b93ff82faaf241c15997ea3975419dddd8362c5",
          },
          "createdAtTimestamp": "1642723306",
          "transactionHash": "0xe2fecec422db663cb8f56206d667a1d1c791bf137781d4a57efbea675b574916",
        },
        "duration": "86400",
        "expectedEndTimestamp": "1642809706",
        "finalizedAtTimestamp": null,
        "firstBidTime": "1642723306",
        "id": "3586",
        "previousBids": Array [],
        "reservePrice": "3000000000000000000",
        "status": "Active",
        "token": "0xabefbc9fd2f806065b4f3c237d4b59d9a97bcac7-7504",
        "tokenContract": "0xabefbc9fd2f806065b4f3c237d4b59d9a97bcac7",
        "tokenId": "7504",
        "tokenOwner": Object {
          "id": "0x51761d3cf3d6c954e5016ccf6f67f2d3a7749459",
        },
        "transactionHash": "0x7caff978d50b807c5342ed61826d71fefa079937e75bfe8f6d6a3860f0d55065",
      },
      "source": "ZoraReserveV0",
      "startedAt": "1642723306",
      "status": "active",
      "winner": "0x5b93ff82faaf241c15997ea3975419dddd8362c5",
    },
  ],
  "media": Object {
    "full": "https://ipfs.io/ipfs/bafybeia7gvvmwoyf4aoqix2bpvhms4yqqh7fs5ajn6eb2lbxtuhdbkwztm",
    "preview": null,
    "source": "zora",
    "thumbnail": null,
  },
  "nft": Object {
    "contentURI": "https://ipfs.io/ipfs/bafybeia7gvvmwoyf4aoqix2bpvhms4yqqh7fs5ajn6eb2lbxtuhdbkwztm",
    "contract": Object {
      "address": "0xabEFBc9fD2F806065b4f3C237d4b59D9A97Bcac7",
      "description": null,
      "knownContract": "zora",
      "name": "Zora",
      "symbol": "ZORA",
    },
    "creator": "0x51761d3cf3d6c954e5016ccf6f67f2d3a7749459",
    "metadataURI": "https://ipfs.io/ipfs/bafybeigrutnapcelmoutefrrizjmqc6swet2jxtfnb26otbihtnhtmbcsa",
    "owner": "0xe468ce99444174bd3bbbed09209577d25d1ad673",
    "tokenId": "7504",
  },
  "rawData": Object {
    "zora-graph": Object {
      "contentHash": "0xe81b1681a6690ccf25ca9cc41a2489cdac6e81781c054386fa8387f45f254789",
      "contentURI": "https://ipfs.io/ipfs/bafybeia7gvvmwoyf4aoqix2bpvhms4yqqh7fs5ajn6eb2lbxtuhdbkwztm",
      "createdAtTimestamp": "1642607758",
      "creator": Object {
        "id": "0x51761d3cf3d6c954e5016ccf6f67f2d3a7749459",
      },
      "creatorBidShare": "33000000000000000000",
      "currentAsk": null,
      "currentBids": Array [],
      "id": "7504",
      "metadataHash": "0xfdce1c50a0df8f3195e7fce09dd98813f1f65c45adefd648aa2e4c64ca50d9c6",
      "metadataURI": "https://ipfs.io/ipfs/bafybeigrutnapcelmoutefrrizjmqc6swet2jxtfnb26otbihtnhtmbcsa",
      "owner": Object {
        "id": "0xe468ce99444174bd3bbbed09209577d25d1ad673",
      },
      "ownerBidShare": "67000000000000000000",
      "reserveAuctions": Array [
        Object {
          "approved": true,
          "approvedTimestamp": "1642607884",
          "auctionCurrency": Object {
            "decimals": 0,
            "id": "0x0000000000000000000000000000000000000000",
            "name": "unknown",
            "symbol": "unknown",
          },
          "createdAtBlockNumber": "14036894",
          "createdAtTimestamp": "1642607884",
          "curator": Object {
            "id": "0x51761d3cf3d6c954e5016ccf6f67f2d3a7749459",
          },
          "curatorFeePercentage": 0,
          "currentBid": Object {
            "amount": "3000000000000000000",
            "bidType": "Active",
            "bidder": Object {
              "id": "0x5b93ff82faaf241c15997ea3975419dddd8362c5",
            },
            "createdAtTimestamp": "1642723306",
            "transactionHash": "0xe2fecec422db663cb8f56206d667a1d1c791bf137781d4a57efbea675b574916",
          },
          "duration": "86400",
          "expectedEndTimestamp": "1642809706",
          "finalizedAtTimestamp": null,
          "firstBidTime": "1642723306",
          "id": "3586",
          "previousBids": Array [],
          "reservePrice": "3000000000000000000",
          "status": "Active",
          "token": "0xabefbc9fd2f806065b4f3c237d4b59d9a97bcac7-7504",
          "tokenContract": "0xabefbc9fd2f806065b4f3c237d4b59d9a97bcac7",
          "tokenId": "7504",
          "tokenOwner": Object {
            "id": "0x51761d3cf3d6c954e5016ccf6f67f2d3a7749459",
          },
          "transactionHash": "0x7caff978d50b807c5342ed61826d71fefa079937e75bfe8f6d6a3860f0d55065",
        },
      ],
      "transfers": Array [
        Object {
          "createdAtBlockNumber": "14036883",
          "createdAtTimestamp": "1642607758",
          "from": Object {
            "id": "0x0000000000000000000000000000000000000000",
          },
          "id": "7504-0x0754a4e2e136e222d263efb3f34cec7ada3f770af4fc64d7aab4ee7deb03d61f-268",
          "to": Object {
            "id": "0x51761d3cf3d6c954e5016ccf6f67f2d3a7749459",
          },
          "transactionHash": "0x0754a4e2e136e222d263efb3f34cec7ada3f770af4fc64d7aab4ee7deb03d61f",
        },
        Object {
          "createdAtBlockNumber": "14036894",
          "createdAtTimestamp": "1642607884",
          "from": Object {
            "id": "0x51761d3cf3d6c954e5016ccf6f67f2d3a7749459",
          },
          "id": "7504-0x7caff978d50b807c5342ed61826d71fefa079937e75bfe8f6d6a3860f0d55065-99",
          "to": Object {
            "id": "0xe468ce99444174bd3bbbed09209577d25d1ad673",
          },
          "transactionHash": "0x7caff978d50b807c5342ed61826d71fefa079937e75bfe8f6d6a3860f0d55065",
        },
      ],
    },
  },
}
`;
