// Jest Snapshot v1, https://goo.gl/fbAQLP

exports[`useZNFT caches multiple NFTs being loaded 1`] = `
Object {
  "nft": Object {
    "contract": Object {
      "address": "0xabEFBc9fD2F806065b4f3C237d4b59D9A97Bcac7",
      "knownContract": "zora",
    },
    "creator": "10",
    "metadataURI": "Hello World",
    "owner": "10",
    "tokenId": "1",
  },
  "pricing": Object {
    "auctionType": "RESERVE",
    "perpetual": Object {
      "ask": Object {
        "createdAtTimestamp": "12974",
        "id": "0",
        "pricing": Object {
          "amount": "12974",
          "computedValue": undefined,
          "currency": Object {
            "decimals": 18,
            "id": "0xFACE",
            "name": "Wrapped Ether",
            "symbol": "WETH",
          },
          "prettyAmount": "1.2974e-14",
        },
      },
      "bids": Array [
        Object {
          "bidder": Object {
            "id": "10",
          },
          "createdAtTimestamp": "12974",
          "id": "1",
          "pricing": Object {
            "amount": "12974",
            "computedValue": undefined,
            "currency": Object {
              "decimals": 18,
              "id": "0xFACE",
              "name": "Wrapped Ether",
              "symbol": "WETH",
            },
            "prettyAmount": "1.2974e-14",
          },
          "transactionHash": "Hello World",
        },
        Object {
          "bidder": Object {
            "id": "10",
          },
          "createdAtTimestamp": "12974",
          "id": "2",
          "pricing": Object {
            "amount": "12974",
            "computedValue": undefined,
            "currency": Object {
              "decimals": 18,
              "id": "0xFACE",
              "name": "Wrapped Ether",
              "symbol": "WETH",
            },
            "prettyAmount": "1.2974e-14",
          },
          "transactionHash": "Hello World",
        },
      ],
      "highestBid": Object {
        "placedAt": "12974",
        "placedBy": "10",
        "pricing": Object {
          "amount": "12974",
          "computedValue": undefined,
          "currency": Object {
            "decimals": 18,
            "id": "0xFACE",
            "name": "Wrapped Ether",
            "symbol": "WETH",
          },
          "prettyAmount": "1.2974e-14",
        },
      },
    },
    "reserve": Object {
      "approved": true,
      "approvedTimestamp": "12974",
      "auctionCurrency": Object {
        "decimals": 18,
        "id": "0xFACE",
        "name": "Wrapped Ether",
        "symbol": "WETH",
      },
      "createdAtTimestamp": "12974",
      "curator": Object {
        "id": "10",
      },
      "curatorFeePercentage": 7,
      "current": Object {
        "highestBid": Object {
          "placedAt": "12974",
          "placedBy": "10",
          "pricing": Object {
            "amount": "12974",
            "computedValue": undefined,
            "currency": Object {
              "decimals": 18,
              "id": "0xFACE",
              "name": "Wrapped Ether",
              "symbol": "WETH",
            },
            "prettyAmount": "1.2974e-14",
          },
        },
        "likelyHasEnded": true,
        "reserveMet": true,
      },
      "currentBid": Object {
        "bidType": "Final",
        "bidder": Object {
          "id": "10",
        },
        "createdAtTimestamp": "12974",
        "pricing": Object {
          "amount": "12974",
          "computedValue": undefined,
          "currency": Object {
            "decimals": 18,
            "id": "0xFACE",
            "name": "Wrapped Ether",
            "symbol": "WETH",
          },
          "prettyAmount": "1.2974e-14",
        },
        "transactionHash": "Hello World",
      },
      "duration": "12974",
      "expectedEndTimestamp": "12974",
      "finalizedAtTimestamp": "12974",
      "firstBidTime": "12974",
      "id": "5",
      "previousBids": Array [
        Object {
          "bidInactivatedAtBlockNumber": "12974",
          "bidInactivatedAtTimestamp": "12974",
          "bidType": "Final",
          "bidder": Object {
            "id": "10",
          },
          "createdAtTimestamp": "12974",
          "id": "9",
          "pricing": Object {
            "amount": "12974",
            "computedValue": undefined,
            "currency": Object {
              "decimals": 18,
              "id": "0xFACE",
              "name": "Wrapped Ether",
              "symbol": "WETH",
            },
            "prettyAmount": "1.2974e-14",
          },
          "transactionHash": "Hello World",
        },
        Object {
          "bidInactivatedAtBlockNumber": "12974",
          "bidInactivatedAtTimestamp": "12974",
          "bidType": "Final",
          "bidder": Object {
            "id": "10",
          },
          "createdAtTimestamp": "12974",
          "id": "10",
          "pricing": Object {
            "amount": "12974",
            "computedValue": undefined,
            "currency": Object {
              "decimals": 18,
              "id": "0xFACE",
              "name": "Wrapped Ether",
              "symbol": "WETH",
            },
            "prettyAmount": "1.2974e-14",
          },
          "transactionHash": "Hello World",
        },
      ],
      "reservePrice": Object {
        "amount": "12974",
        "computedValue": undefined,
        "currency": Object {
          "decimals": 18,
          "id": "0xFACE",
          "name": "Wrapped Ether",
          "symbol": "WETH",
        },
        "prettyAmount": "1.2974e-14",
      },
      "status": "Active",
      "token": "Hello World",
      "tokenContract": "Hello World",
      "tokenId": "12974",
      "tokenOwner": Object {
        "id": "10",
      },
      "transactionHash": "Hello World",
    },
    "status": "RESERVE_AUCTION_FINISHED",
  },
  "zoraNFT": Object {
    "contentHash": "ByTeSStrInG",
    "contentURI": "Hello World",
    "createdAtTimestamp": "12974",
    "creatorBidShare": "12974",
    "creatorBidSharePercentage": 1.2974e-14,
    "metadataHash": "ByTeSStrInG",
    "metadataURI": "Hello World",
    "ownerBidShare": "12974",
    "ownerBidSharePercentage": 1.2974e-14,
  },
}
`;

exports[`useZNFT caches multiple NFTs being loaded 2`] = `
Object {
  "nft": Object {
    "contract": Object {
      "address": "0xabEFBc9fD2F806065b4f3C237d4b59D9A97Bcac7",
      "knownContract": "zora",
    },
    "creator": "10",
    "metadataURI": "Hello World",
    "owner": "10",
    "tokenId": "2",
  },
  "pricing": Object {
    "auctionType": "RESERVE",
    "perpetual": Object {
      "ask": Object {
        "createdAtTimestamp": "12974",
        "id": "15",
        "pricing": Object {
          "amount": "12974",
          "computedValue": undefined,
          "currency": Object {
            "decimals": 18,
            "id": "0xFACE",
            "name": "Wrapped Ether",
            "symbol": "WETH",
          },
          "prettyAmount": "1.2974e-14",
        },
      },
      "bids": Array [
        Object {
          "bidder": Object {
            "id": "10",
          },
          "createdAtTimestamp": "12974",
          "id": "16",
          "pricing": Object {
            "amount": "12974",
            "computedValue": undefined,
            "currency": Object {
              "decimals": 18,
              "id": "0xFACE",
              "name": "Wrapped Ether",
              "symbol": "WETH",
            },
            "prettyAmount": "1.2974e-14",
          },
          "transactionHash": "Hello World",
        },
        Object {
          "bidder": Object {
            "id": "10",
          },
          "createdAtTimestamp": "12974",
          "id": "17",
          "pricing": Object {
            "amount": "12974",
            "computedValue": undefined,
            "currency": Object {
              "decimals": 18,
              "id": "0xFACE",
              "name": "Wrapped Ether",
              "symbol": "WETH",
            },
            "prettyAmount": "1.2974e-14",
          },
          "transactionHash": "Hello World",
        },
      ],
      "highestBid": Object {
        "placedAt": "12974",
        "placedBy": "10",
        "pricing": Object {
          "amount": "12974",
          "computedValue": undefined,
          "currency": Object {
            "decimals": 18,
            "id": "0xFACE",
            "name": "Wrapped Ether",
            "symbol": "WETH",
          },
          "prettyAmount": "1.2974e-14",
        },
      },
    },
    "reserve": Object {
      "approved": true,
      "approvedTimestamp": "12974",
      "auctionCurrency": Object {
        "decimals": 18,
        "id": "0xFACE",
        "name": "Wrapped Ether",
        "symbol": "WETH",
      },
      "createdAtTimestamp": "12974",
      "curator": Object {
        "id": "10",
      },
      "curatorFeePercentage": 22,
      "current": Object {
        "highestBid": Object {
          "placedAt": "12974",
          "placedBy": "10",
          "pricing": Object {
            "amount": "12974",
            "computedValue": undefined,
            "currency": Object {
              "decimals": 18,
              "id": "0xFACE",
              "name": "Wrapped Ether",
              "symbol": "WETH",
            },
            "prettyAmount": "1.2974e-14",
          },
        },
        "likelyHasEnded": true,
        "reserveMet": true,
      },
      "currentBid": Object {
        "bidType": "Final",
        "bidder": Object {
          "id": "10",
        },
        "createdAtTimestamp": "12974",
        "pricing": Object {
          "amount": "12974",
          "computedValue": undefined,
          "currency": Object {
            "decimals": 18,
            "id": "0xFACE",
            "name": "Wrapped Ether",
            "symbol": "WETH",
          },
          "prettyAmount": "1.2974e-14",
        },
        "transactionHash": "Hello World",
      },
      "duration": "12974",
      "expectedEndTimestamp": "12974",
      "finalizedAtTimestamp": "12974",
      "firstBidTime": "12974",
      "id": "20",
      "previousBids": Array [
        Object {
          "bidInactivatedAtBlockNumber": "12974",
          "bidInactivatedAtTimestamp": "12974",
          "bidType": "Final",
          "bidder": Object {
            "id": "10",
          },
          "createdAtTimestamp": "12974",
          "id": "24",
          "pricing": Object {
            "amount": "12974",
            "computedValue": undefined,
            "currency": Object {
              "decimals": 18,
              "id": "0xFACE",
              "name": "Wrapped Ether",
              "symbol": "WETH",
            },
            "prettyAmount": "1.2974e-14",
          },
          "transactionHash": "Hello World",
        },
        Object {
          "bidInactivatedAtBlockNumber": "12974",
          "bidInactivatedAtTimestamp": "12974",
          "bidType": "Final",
          "bidder": Object {
            "id": "10",
          },
          "createdAtTimestamp": "12974",
          "id": "25",
          "pricing": Object {
            "amount": "12974",
            "computedValue": undefined,
            "currency": Object {
              "decimals": 18,
              "id": "0xFACE",
              "name": "Wrapped Ether",
              "symbol": "WETH",
            },
            "prettyAmount": "1.2974e-14",
          },
          "transactionHash": "Hello World",
        },
      ],
      "reservePrice": Object {
        "amount": "12974",
        "computedValue": undefined,
        "currency": Object {
          "decimals": 18,
          "id": "0xFACE",
          "name": "Wrapped Ether",
          "symbol": "WETH",
        },
        "prettyAmount": "1.2974e-14",
      },
      "status": "Active",
      "token": "Hello World",
      "tokenContract": "Hello World",
      "tokenId": "12974",
      "tokenOwner": Object {
        "id": "10",
      },
      "transactionHash": "Hello World",
    },
    "status": "RESERVE_AUCTION_FINISHED",
  },
  "zoraNFT": Object {
    "contentHash": "ByTeSStrInG",
    "contentURI": "Hello World",
    "createdAtTimestamp": "12974",
    "creatorBidShare": "12974",
    "creatorBidSharePercentage": 1.2974e-14,
    "metadataHash": "ByTeSStrInG",
    "metadataURI": "Hello World",
    "ownerBidShare": "12974",
    "ownerBidSharePercentage": 1.2974e-14,
  },
}
`;

exports[`useZNFT caches multiple NFTs being loaded 3`] = `
Object {
  "nft": Object {
    "contract": Object {
      "address": "0xabEFBc9fD2F806065b4f3C237d4b59D9A97Bcac7",
      "knownContract": "zora",
    },
    "creator": "10",
    "metadataURI": "Hello World",
    "owner": "10",
    "tokenId": "1",
  },
  "pricing": Object {
    "auctionType": "RESERVE",
    "perpetual": Object {
      "ask": Object {
        "createdAtTimestamp": "12974",
        "id": "0",
        "pricing": Object {
          "amount": "12974",
          "computedValue": undefined,
          "currency": Object {
            "decimals": 18,
            "id": "0xFACE",
            "name": "Wrapped Ether",
            "symbol": "WETH",
          },
          "prettyAmount": "1.2974e-14",
        },
      },
      "bids": Array [
        Object {
          "bidder": Object {
            "id": "10",
          },
          "createdAtTimestamp": "12974",
          "id": "1",
          "pricing": Object {
            "amount": "12974",
            "computedValue": undefined,
            "currency": Object {
              "decimals": 18,
              "id": "0xFACE",
              "name": "Wrapped Ether",
              "symbol": "WETH",
            },
            "prettyAmount": "1.2974e-14",
          },
          "transactionHash": "Hello World",
        },
        Object {
          "bidder": Object {
            "id": "10",
          },
          "createdAtTimestamp": "12974",
          "id": "2",
          "pricing": Object {
            "amount": "12974",
            "computedValue": undefined,
            "currency": Object {
              "decimals": 18,
              "id": "0xFACE",
              "name": "Wrapped Ether",
              "symbol": "WETH",
            },
            "prettyAmount": "1.2974e-14",
          },
          "transactionHash": "Hello World",
        },
      ],
      "highestBid": Object {
        "placedAt": "12974",
        "placedBy": "10",
        "pricing": Object {
          "amount": "12974",
          "computedValue": undefined,
          "currency": Object {
            "decimals": 18,
            "id": "0xFACE",
            "name": "Wrapped Ether",
            "symbol": "WETH",
          },
          "prettyAmount": "1.2974e-14",
        },
      },
    },
    "reserve": Object {
      "approved": true,
      "approvedTimestamp": "12974",
      "auctionCurrency": Object {
        "decimals": 18,
        "id": "0xFACE",
        "name": "Wrapped Ether",
        "symbol": "WETH",
      },
      "createdAtTimestamp": "12974",
      "curator": Object {
        "id": "10",
      },
      "curatorFeePercentage": 7,
      "current": Object {
        "highestBid": Object {
          "placedAt": "12974",
          "placedBy": "10",
          "pricing": Object {
            "amount": "12974",
            "computedValue": undefined,
            "currency": Object {
              "decimals": 18,
              "id": "0xFACE",
              "name": "Wrapped Ether",
              "symbol": "WETH",
            },
            "prettyAmount": "1.2974e-14",
          },
        },
        "likelyHasEnded": true,
        "reserveMet": true,
      },
      "currentBid": Object {
        "bidType": "Final",
        "bidder": Object {
          "id": "10",
        },
        "createdAtTimestamp": "12974",
        "pricing": Object {
          "amount": "12974",
          "computedValue": undefined,
          "currency": Object {
            "decimals": 18,
            "id": "0xFACE",
            "name": "Wrapped Ether",
            "symbol": "WETH",
          },
          "prettyAmount": "1.2974e-14",
        },
        "transactionHash": "Hello World",
      },
      "duration": "12974",
      "expectedEndTimestamp": "12974",
      "finalizedAtTimestamp": "12974",
      "firstBidTime": "12974",
      "id": "5",
      "previousBids": Array [
        Object {
          "bidInactivatedAtBlockNumber": "12974",
          "bidInactivatedAtTimestamp": "12974",
          "bidType": "Final",
          "bidder": Object {
            "id": "10",
          },
          "createdAtTimestamp": "12974",
          "id": "9",
          "pricing": Object {
            "amount": "12974",
            "computedValue": undefined,
            "currency": Object {
              "decimals": 18,
              "id": "0xFACE",
              "name": "Wrapped Ether",
              "symbol": "WETH",
            },
            "prettyAmount": "1.2974e-14",
          },
          "transactionHash": "Hello World",
        },
        Object {
          "bidInactivatedAtBlockNumber": "12974",
          "bidInactivatedAtTimestamp": "12974",
          "bidType": "Final",
          "bidder": Object {
            "id": "10",
          },
          "createdAtTimestamp": "12974",
          "id": "10",
          "pricing": Object {
            "amount": "12974",
            "computedValue": undefined,
            "currency": Object {
              "decimals": 18,
              "id": "0xFACE",
              "name": "Wrapped Ether",
              "symbol": "WETH",
            },
            "prettyAmount": "1.2974e-14",
          },
          "transactionHash": "Hello World",
        },
      ],
      "reservePrice": Object {
        "amount": "12974",
        "computedValue": undefined,
        "currency": Object {
          "decimals": 18,
          "id": "0xFACE",
          "name": "Wrapped Ether",
          "symbol": "WETH",
        },
        "prettyAmount": "1.2974e-14",
      },
      "status": "Active",
      "token": "Hello World",
      "tokenContract": "Hello World",
      "tokenId": "12974",
      "tokenOwner": Object {
        "id": "10",
      },
      "transactionHash": "Hello World",
    },
    "status": "RESERVE_AUCTION_FINISHED",
  },
  "zoraNFT": Object {
    "contentHash": "ByTeSStrInG",
    "contentURI": "Hello World",
    "createdAtTimestamp": "12974",
    "creatorBidShare": "12974",
    "creatorBidSharePercentage": 1.2974e-14,
    "metadataHash": "ByTeSStrInG",
    "metadataURI": "Hello World",
    "ownerBidShare": "12974",
    "ownerBidSharePercentage": 1.2974e-14,
  },
}
`;

exports[`useZNFT caches multiple NFTs being loaded 4`] = `
Object {
  "nft": Object {
    "contract": Object {
      "address": "0xabEFBc9fD2F806065b4f3C237d4b59D9A97Bcac7",
      "knownContract": "zora",
    },
    "creator": "10",
    "metadataURI": "Hello World",
    "owner": "10",
    "tokenId": "2",
  },
  "pricing": Object {
    "auctionType": "RESERVE",
    "perpetual": Object {
      "ask": Object {
        "createdAtTimestamp": "12974",
        "id": "15",
        "pricing": Object {
          "amount": "12974",
          "computedValue": undefined,
          "currency": Object {
            "decimals": 18,
            "id": "0xFACE",
            "name": "Wrapped Ether",
            "symbol": "WETH",
          },
          "prettyAmount": "1.2974e-14",
        },
      },
      "bids": Array [
        Object {
          "bidder": Object {
            "id": "10",
          },
          "createdAtTimestamp": "12974",
          "id": "16",
          "pricing": Object {
            "amount": "12974",
            "computedValue": undefined,
            "currency": Object {
              "decimals": 18,
              "id": "0xFACE",
              "name": "Wrapped Ether",
              "symbol": "WETH",
            },
            "prettyAmount": "1.2974e-14",
          },
          "transactionHash": "Hello World",
        },
        Object {
          "bidder": Object {
            "id": "10",
          },
          "createdAtTimestamp": "12974",
          "id": "17",
          "pricing": Object {
            "amount": "12974",
            "computedValue": undefined,
            "currency": Object {
              "decimals": 18,
              "id": "0xFACE",
              "name": "Wrapped Ether",
              "symbol": "WETH",
            },
            "prettyAmount": "1.2974e-14",
          },
          "transactionHash": "Hello World",
        },
      ],
      "highestBid": Object {
        "placedAt": "12974",
        "placedBy": "10",
        "pricing": Object {
          "amount": "12974",
          "computedValue": undefined,
          "currency": Object {
            "decimals": 18,
            "id": "0xFACE",
            "name": "Wrapped Ether",
            "symbol": "WETH",
          },
          "prettyAmount": "1.2974e-14",
        },
      },
    },
    "reserve": Object {
      "approved": true,
      "approvedTimestamp": "12974",
      "auctionCurrency": Object {
        "decimals": 18,
        "id": "0xFACE",
        "name": "Wrapped Ether",
        "symbol": "WETH",
      },
      "createdAtTimestamp": "12974",
      "curator": Object {
        "id": "10",
      },
      "curatorFeePercentage": 22,
      "current": Object {
        "highestBid": Object {
          "placedAt": "12974",
          "placedBy": "10",
          "pricing": Object {
            "amount": "12974",
            "computedValue": undefined,
            "currency": Object {
              "decimals": 18,
              "id": "0xFACE",
              "name": "Wrapped Ether",
              "symbol": "WETH",
            },
            "prettyAmount": "1.2974e-14",
          },
        },
        "likelyHasEnded": true,
        "reserveMet": true,
      },
      "currentBid": Object {
        "bidType": "Final",
        "bidder": Object {
          "id": "10",
        },
        "createdAtTimestamp": "12974",
        "pricing": Object {
          "amount": "12974",
          "computedValue": undefined,
          "currency": Object {
            "decimals": 18,
            "id": "0xFACE",
            "name": "Wrapped Ether",
            "symbol": "WETH",
          },
          "prettyAmount": "1.2974e-14",
        },
        "transactionHash": "Hello World",
      },
      "duration": "12974",
      "expectedEndTimestamp": "12974",
      "finalizedAtTimestamp": "12974",
      "firstBidTime": "12974",
      "id": "20",
      "previousBids": Array [
        Object {
          "bidInactivatedAtBlockNumber": "12974",
          "bidInactivatedAtTimestamp": "12974",
          "bidType": "Final",
          "bidder": Object {
            "id": "10",
          },
          "createdAtTimestamp": "12974",
          "id": "24",
          "pricing": Object {
            "amount": "12974",
            "computedValue": undefined,
            "currency": Object {
              "decimals": 18,
              "id": "0xFACE",
              "name": "Wrapped Ether",
              "symbol": "WETH",
            },
            "prettyAmount": "1.2974e-14",
          },
          "transactionHash": "Hello World",
        },
        Object {
          "bidInactivatedAtBlockNumber": "12974",
          "bidInactivatedAtTimestamp": "12974",
          "bidType": "Final",
          "bidder": Object {
            "id": "10",
          },
          "createdAtTimestamp": "12974",
          "id": "25",
          "pricing": Object {
            "amount": "12974",
            "computedValue": undefined,
            "currency": Object {
              "decimals": 18,
              "id": "0xFACE",
              "name": "Wrapped Ether",
              "symbol": "WETH",
            },
            "prettyAmount": "1.2974e-14",
          },
          "transactionHash": "Hello World",
        },
      ],
      "reservePrice": Object {
        "amount": "12974",
        "computedValue": undefined,
        "currency": Object {
          "decimals": 18,
          "id": "0xFACE",
          "name": "Wrapped Ether",
          "symbol": "WETH",
        },
        "prettyAmount": "1.2974e-14",
      },
      "status": "Active",
      "token": "Hello World",
      "tokenContract": "Hello World",
      "tokenId": "12974",
      "tokenOwner": Object {
        "id": "10",
      },
      "transactionHash": "Hello World",
    },
    "status": "RESERVE_AUCTION_FINISHED",
  },
  "zoraNFT": Object {
    "contentHash": "ByTeSStrInG",
    "contentURI": "Hello World",
    "createdAtTimestamp": "12974",
    "creatorBidShare": "12974",
    "creatorBidSharePercentage": 1.2974e-14,
    "metadataHash": "ByTeSStrInG",
    "metadataURI": "Hello World",
    "ownerBidShare": "12974",
    "ownerBidSharePercentage": 1.2974e-14,
  },
}
`;

exports[`useZNFT correctly loads auction information from uniswap 1`] = `
Object {
  "nft": Object {
    "contract": Object {
      "address": "0xabEFBc9fD2F806065b4f3C237d4b59D9A97Bcac7",
      "knownContract": "zora",
    },
    "creator": "10",
    "metadataURI": "https://zora.co/content",
    "owner": "10",
    "tokenId": "2974",
  },
  "pricing": Object {
    "auctionType": "RESERVE",
    "perpetual": Object {
      "ask": Object {
        "createdAtTimestamp": "12974",
        "id": "2",
        "pricing": Object {
          "amount": "12974",
          "computedValue": Object {
            "inETH": "1.800042898602e-10",
            "inUSD": "0.00000249742133251694932446",
          },
          "currency": Object {
            "decimals": 18,
            "id": "0xFACE",
            "name": "Wrapped Ether",
            "symbol": "WETH",
          },
          "prettyAmount": "1.2974e-14",
        },
      },
      "bids": Array [
        Object {
          "bidder": Object {
            "id": "10",
          },
          "createdAtTimestamp": "12974",
          "id": "3",
          "pricing": Object {
            "amount": "10000",
            "computedValue": Object {
              "inETH": "1.38742323e-10",
              "inUSD": "0.0000019249432191436329",
            },
            "currency": Object {
              "decimals": 18,
              "id": "0xFACE",
              "name": "Wrapped Ether",
              "symbol": "WETH",
            },
            "prettyAmount": "1e-14",
          },
          "transactionHash": "Hello World",
        },
      ],
      "highestBid": Object {
        "placedAt": "12974",
        "placedBy": "10",
        "pricing": Object {
          "amount": "10000",
          "computedValue": Object {
            "inETH": "1.38742323e-10",
            "inUSD": "0.0000019249432191436329",
          },
          "currency": Object {
            "decimals": 18,
            "id": "0xFACE",
            "name": "Wrapped Ether",
            "symbol": "WETH",
          },
          "prettyAmount": "1e-14",
        },
      },
    },
    "reserve": Object {
      "approved": true,
      "approvedTimestamp": "12974",
      "auctionCurrency": Object {
        "decimals": 18,
        "id": "0xFACE",
        "name": "Wrapped Ether",
        "symbol": "WETH",
      },
      "createdAtTimestamp": "12974",
      "curator": Object {
        "id": "10",
      },
      "curatorFeePercentage": 100,
      "current": Object {
        "highestBid": Object {
          "placedAt": "12974",
          "placedBy": "10",
          "pricing": Object {
            "amount": "12974",
            "computedValue": Object {
              "inETH": "1.800042898602e-10",
              "inUSD": "0.00000249742133251694932446",
            },
            "currency": Object {
              "decimals": 18,
              "id": "0xFACE",
              "name": "Wrapped Ether",
              "symbol": "WETH",
            },
            "prettyAmount": "1.2974e-14",
          },
        },
        "likelyHasEnded": true,
        "reserveMet": true,
      },
      "currentBid": Object {
        "bidType": "Final",
        "bidder": Object {
          "id": "10",
        },
        "createdAtTimestamp": "12974",
        "pricing": Object {
          "amount": "12974",
          "computedValue": Object {
            "inETH": "1.800042898602e-10",
            "inUSD": "0.00000249742133251694932446",
          },
          "currency": Object {
            "decimals": 18,
            "id": "0xFACE",
            "name": "Wrapped Ether",
            "symbol": "WETH",
          },
          "prettyAmount": "1.2974e-14",
        },
        "transactionHash": "Hello World",
      },
      "duration": "12974",
      "expectedEndTimestamp": "12974",
      "finalizedAtTimestamp": "12974",
      "firstBidTime": "12974",
      "id": "6",
      "previousBids": Array [
        Object {
          "bidInactivatedAtBlockNumber": "12974",
          "bidInactivatedAtTimestamp": "12974",
          "bidType": "Final",
          "bidder": Object {
            "id": "10",
          },
          "createdAtTimestamp": "12974",
          "id": "9",
          "pricing": Object {
            "amount": "12974",
            "computedValue": Object {
              "inETH": "1.800042898602e-10",
              "inUSD": "0.00000249742133251694932446",
            },
            "currency": Object {
              "decimals": 18,
              "id": "0xFACE",
              "name": "Wrapped Ether",
              "symbol": "WETH",
            },
            "prettyAmount": "1.2974e-14",
          },
          "transactionHash": "Hello World",
        },
        Object {
          "bidInactivatedAtBlockNumber": "12974",
          "bidInactivatedAtTimestamp": "12974",
          "bidType": "Final",
          "bidder": Object {
            "id": "10",
          },
          "createdAtTimestamp": "12974",
          "id": "10",
          "pricing": Object {
            "amount": "12974",
            "computedValue": Object {
              "inETH": "1.800042898602e-10",
              "inUSD": "0.00000249742133251694932446",
            },
            "currency": Object {
              "decimals": 18,
              "id": "0xFACE",
              "name": "Wrapped Ether",
              "symbol": "WETH",
            },
            "prettyAmount": "1.2974e-14",
          },
          "transactionHash": "Hello World",
        },
      ],
      "reservePrice": Object {
        "amount": "12974",
        "computedValue": Object {
          "inETH": "1.800042898602e-10",
          "inUSD": "0.00000249742133251694932446",
        },
        "currency": Object {
          "decimals": 18,
          "id": "0xFACE",
          "name": "Wrapped Ether",
          "symbol": "WETH",
        },
        "prettyAmount": "1.2974e-14",
      },
      "status": "Active",
      "token": "Hello World",
      "tokenContract": "Hello World",
      "tokenId": 2974,
      "tokenOwner": Object {
        "id": "10",
      },
      "transactionHash": "Hello World",
    },
    "status": "RESERVE_AUCTION_FINISHED",
  },
  "zoraNFT": Object {
    "contentHash": "ByTeSStrInG",
    "contentURI": "https://zora.co/content",
    "createdAtTimestamp": "12974",
    "creatorBidShare": "12974",
    "creatorBidSharePercentage": 1.2974e-14,
    "metadataHash": "ByTeSStrInG",
    "metadataURI": "https://zora.co/content",
    "ownerBidShare": "12974",
    "ownerBidSharePercentage": 1.2974e-14,
  },
}
`;

exports[`useZNFT correctly loads auction information from uniswap 2`] = `
Object {
  "nft": Object {
    "contract": Object {
      "address": "0xabEFBc9fD2F806065b4f3C237d4b59D9A97Bcac7",
      "knownContract": "zora",
    },
    "creator": "10",
    "metadataURI": "https://zora.co/content",
    "owner": "10",
    "tokenId": "2974",
  },
  "pricing": Object {
    "auctionType": "RESERVE",
    "perpetual": Object {
      "ask": Object {
        "createdAtTimestamp": "12974",
        "id": "2",
        "pricing": Object {
          "amount": "12974",
          "computedValue": Object {
            "inETH": "1.800042898602e-10",
            "inUSD": "0.00000249742133251694932446",
          },
          "currency": Object {
            "decimals": 18,
            "id": "0xFACE",
            "name": "Wrapped Ether",
            "symbol": "WETH",
          },
          "prettyAmount": "1.2974e-14",
        },
      },
      "bids": Array [
        Object {
          "bidder": Object {
            "id": "10",
          },
          "createdAtTimestamp": "12974",
          "id": "3",
          "pricing": Object {
            "amount": "10000",
            "computedValue": Object {
              "inETH": "1.38742323e-10",
              "inUSD": "0.0000019249432191436329",
            },
            "currency": Object {
              "decimals": 18,
              "id": "0xFACE",
              "name": "Wrapped Ether",
              "symbol": "WETH",
            },
            "prettyAmount": "1e-14",
          },
          "transactionHash": "Hello World",
        },
      ],
      "highestBid": Object {
        "placedAt": "12974",
        "placedBy": "10",
        "pricing": Object {
          "amount": "10000",
          "computedValue": Object {
            "inETH": "1.38742323e-10",
            "inUSD": "0.0000019249432191436329",
          },
          "currency": Object {
            "decimals": 18,
            "id": "0xFACE",
            "name": "Wrapped Ether",
            "symbol": "WETH",
          },
          "prettyAmount": "1e-14",
        },
      },
    },
    "reserve": Object {
      "approved": true,
      "approvedTimestamp": "12974",
      "auctionCurrency": Object {
        "decimals": 18,
        "id": "0xFACE",
        "name": "Wrapped Ether",
        "symbol": "WETH",
      },
      "createdAtTimestamp": "12974",
      "curator": Object {
        "id": "10",
      },
      "curatorFeePercentage": 100,
      "current": Object {
        "highestBid": Object {
          "placedAt": "12974",
          "placedBy": "10",
          "pricing": Object {
            "amount": "12974",
            "computedValue": Object {
              "inETH": "1.800042898602e-10",
              "inUSD": "0.00000249742133251694932446",
            },
            "currency": Object {
              "decimals": 18,
              "id": "0xFACE",
              "name": "Wrapped Ether",
              "symbol": "WETH",
            },
            "prettyAmount": "1.2974e-14",
          },
        },
        "likelyHasEnded": true,
        "reserveMet": true,
      },
      "currentBid": Object {
        "bidType": "Final",
        "bidder": Object {
          "id": "10",
        },
        "createdAtTimestamp": "12974",
        "pricing": Object {
          "amount": "12974",
          "computedValue": Object {
            "inETH": "1.800042898602e-10",
            "inUSD": "0.00000249742133251694932446",
          },
          "currency": Object {
            "decimals": 18,
            "id": "0xFACE",
            "name": "Wrapped Ether",
            "symbol": "WETH",
          },
          "prettyAmount": "1.2974e-14",
        },
        "transactionHash": "Hello World",
      },
      "duration": "12974",
      "expectedEndTimestamp": "12974",
      "finalizedAtTimestamp": "12974",
      "firstBidTime": "12974",
      "id": "6",
      "previousBids": Array [
        Object {
          "bidInactivatedAtBlockNumber": "12974",
          "bidInactivatedAtTimestamp": "12974",
          "bidType": "Final",
          "bidder": Object {
            "id": "10",
          },
          "createdAtTimestamp": "12974",
          "id": "9",
          "pricing": Object {
            "amount": "12974",
            "computedValue": Object {
              "inETH": "1.800042898602e-10",
              "inUSD": "0.00000249742133251694932446",
            },
            "currency": Object {
              "decimals": 18,
              "id": "0xFACE",
              "name": "Wrapped Ether",
              "symbol": "WETH",
            },
            "prettyAmount": "1.2974e-14",
          },
          "transactionHash": "Hello World",
        },
        Object {
          "bidInactivatedAtBlockNumber": "12974",
          "bidInactivatedAtTimestamp": "12974",
          "bidType": "Final",
          "bidder": Object {
            "id": "10",
          },
          "createdAtTimestamp": "12974",
          "id": "10",
          "pricing": Object {
            "amount": "12974",
            "computedValue": Object {
              "inETH": "1.800042898602e-10",
              "inUSD": "0.00000249742133251694932446",
            },
            "currency": Object {
              "decimals": 18,
              "id": "0xFACE",
              "name": "Wrapped Ether",
              "symbol": "WETH",
            },
            "prettyAmount": "1.2974e-14",
          },
          "transactionHash": "Hello World",
        },
      ],
      "reservePrice": Object {
        "amount": "12974",
        "computedValue": Object {
          "inETH": "1.800042898602e-10",
          "inUSD": "0.00000249742133251694932446",
        },
        "currency": Object {
          "decimals": 18,
          "id": "0xFACE",
          "name": "Wrapped Ether",
          "symbol": "WETH",
        },
        "prettyAmount": "1.2974e-14",
      },
      "status": "Active",
      "token": "Hello World",
      "tokenContract": "Hello World",
      "tokenId": 2974,
      "tokenOwner": Object {
        "id": "10",
      },
      "transactionHash": "Hello World",
    },
    "status": "RESERVE_AUCTION_FINISHED",
  },
  "zoraNFT": Object {
    "contentHash": "ByTeSStrInG",
    "contentURI": "https://zora.co/content",
    "createdAtTimestamp": "12974",
    "creatorBidShare": "12974",
    "creatorBidSharePercentage": 1.2974e-14,
    "metadataHash": "ByTeSStrInG",
    "metadataURI": "https://zora.co/content",
    "ownerBidShare": "12974",
    "ownerBidSharePercentage": 1.2974e-14,
  },
}
`;

exports[`useZNFT correctly loads multiple perpetual bid NFTs 1`] = `
Object {
  "nft": Object {
    "contract": Object {
      "address": "0xabEFBc9fD2F806065b4f3C237d4b59D9A97Bcac7",
      "knownContract": "zora",
    },
    "creator": "10",
    "metadataURI": "Hello World",
    "owner": "10",
    "tokenId": "1",
  },
  "pricing": Object {
    "auctionType": "RESERVE",
    "perpetual": Object {
      "ask": Object {
        "createdAtTimestamp": "12974",
        "id": "0",
        "pricing": Object {
          "amount": "12974",
          "computedValue": undefined,
          "currency": Object {
            "decimals": 18,
            "id": "0xFACE",
            "name": "Wrapped Ether",
            "symbol": "WETH",
          },
          "prettyAmount": "1.2974e-14",
        },
      },
      "bids": Array [
        Object {
          "bidder": Object {
            "id": "10",
          },
          "createdAtTimestamp": "12974",
          "id": "1",
          "pricing": Object {
            "amount": "12974",
            "computedValue": undefined,
            "currency": Object {
              "decimals": 18,
              "id": "0xFACE",
              "name": "Wrapped Ether",
              "symbol": "WETH",
            },
            "prettyAmount": "1.2974e-14",
          },
          "transactionHash": "Hello World",
        },
        Object {
          "bidder": Object {
            "id": "10",
          },
          "createdAtTimestamp": "12974",
          "id": "2",
          "pricing": Object {
            "amount": "12974",
            "computedValue": undefined,
            "currency": Object {
              "decimals": 18,
              "id": "0xFACE",
              "name": "Wrapped Ether",
              "symbol": "WETH",
            },
            "prettyAmount": "1.2974e-14",
          },
          "transactionHash": "Hello World",
        },
      ],
      "highestBid": Object {
        "placedAt": "12974",
        "placedBy": "10",
        "pricing": Object {
          "amount": "12974",
          "computedValue": undefined,
          "currency": Object {
            "decimals": 18,
            "id": "0xFACE",
            "name": "Wrapped Ether",
            "symbol": "WETH",
          },
          "prettyAmount": "1.2974e-14",
        },
      },
    },
    "reserve": Object {
      "approved": true,
      "approvedTimestamp": "12974",
      "auctionCurrency": Object {
        "decimals": 18,
        "id": "0xFACE",
        "name": "Wrapped Ether",
        "symbol": "WETH",
      },
      "createdAtTimestamp": "12974",
      "curator": Object {
        "id": "10",
      },
      "curatorFeePercentage": 7,
      "current": Object {
        "highestBid": Object {
          "placedAt": "12974",
          "placedBy": "10",
          "pricing": Object {
            "amount": "12974",
            "computedValue": undefined,
            "currency": Object {
              "decimals": 18,
              "id": "0xFACE",
              "name": "Wrapped Ether",
              "symbol": "WETH",
            },
            "prettyAmount": "1.2974e-14",
          },
        },
        "likelyHasEnded": true,
        "reserveMet": true,
      },
      "currentBid": Object {
        "bidType": "Final",
        "bidder": Object {
          "id": "10",
        },
        "createdAtTimestamp": "12974",
        "pricing": Object {
          "amount": "12974",
          "computedValue": undefined,
          "currency": Object {
            "decimals": 18,
            "id": "0xFACE",
            "name": "Wrapped Ether",
            "symbol": "WETH",
          },
          "prettyAmount": "1.2974e-14",
        },
        "transactionHash": "Hello World",
      },
      "duration": "12974",
      "expectedEndTimestamp": "12974",
      "finalizedAtTimestamp": "12974",
      "firstBidTime": "12974",
      "id": "5",
      "previousBids": Array [
        Object {
          "bidInactivatedAtBlockNumber": "12974",
          "bidInactivatedAtTimestamp": "12974",
          "bidType": "Final",
          "bidder": Object {
            "id": "10",
          },
          "createdAtTimestamp": "12974",
          "id": "9",
          "pricing": Object {
            "amount": "12974",
            "computedValue": undefined,
            "currency": Object {
              "decimals": 18,
              "id": "0xFACE",
              "name": "Wrapped Ether",
              "symbol": "WETH",
            },
            "prettyAmount": "1.2974e-14",
          },
          "transactionHash": "Hello World",
        },
        Object {
          "bidInactivatedAtBlockNumber": "12974",
          "bidInactivatedAtTimestamp": "12974",
          "bidType": "Final",
          "bidder": Object {
            "id": "10",
          },
          "createdAtTimestamp": "12974",
          "id": "10",
          "pricing": Object {
            "amount": "12974",
            "computedValue": undefined,
            "currency": Object {
              "decimals": 18,
              "id": "0xFACE",
              "name": "Wrapped Ether",
              "symbol": "WETH",
            },
            "prettyAmount": "1.2974e-14",
          },
          "transactionHash": "Hello World",
        },
      ],
      "reservePrice": Object {
        "amount": "12974",
        "computedValue": undefined,
        "currency": Object {
          "decimals": 18,
          "id": "0xFACE",
          "name": "Wrapped Ether",
          "symbol": "WETH",
        },
        "prettyAmount": "1.2974e-14",
      },
      "status": "Active",
      "token": "Hello World",
      "tokenContract": "Hello World",
      "tokenId": "12974",
      "tokenOwner": Object {
        "id": "10",
      },
      "transactionHash": "Hello World",
    },
    "status": "RESERVE_AUCTION_FINISHED",
  },
  "zoraNFT": Object {
    "contentHash": "ByTeSStrInG",
    "contentURI": "Hello World",
    "createdAtTimestamp": "12974",
    "creatorBidShare": "12974",
    "creatorBidSharePercentage": 1.2974e-14,
    "metadataHash": "ByTeSStrInG",
    "metadataURI": "Hello World",
    "ownerBidShare": "12974",
    "ownerBidSharePercentage": 1.2974e-14,
  },
}
`;

exports[`useZNFT correctly loads multiple perpetual bid NFTs 2`] = `
Object {
  "nft": Object {
    "contract": Object {
      "address": "0xabEFBc9fD2F806065b4f3C237d4b59D9A97Bcac7",
      "knownContract": "zora",
    },
    "creator": "10",
    "metadataURI": "Hello World",
    "owner": "10",
    "tokenId": "2",
  },
  "pricing": Object {
    "auctionType": "RESERVE",
    "perpetual": Object {
      "ask": Object {
        "createdAtTimestamp": "12974",
        "id": "15",
        "pricing": Object {
          "amount": "12974",
          "computedValue": undefined,
          "currency": Object {
            "decimals": 18,
            "id": "0xFACE",
            "name": "Wrapped Ether",
            "symbol": "WETH",
          },
          "prettyAmount": "1.2974e-14",
        },
      },
      "bids": Array [
        Object {
          "bidder": Object {
            "id": "10",
          },
          "createdAtTimestamp": "12974",
          "id": "16",
          "pricing": Object {
            "amount": "12974",
            "computedValue": undefined,
            "currency": Object {
              "decimals": 18,
              "id": "0xFACE",
              "name": "Wrapped Ether",
              "symbol": "WETH",
            },
            "prettyAmount": "1.2974e-14",
          },
          "transactionHash": "Hello World",
        },
        Object {
          "bidder": Object {
            "id": "10",
          },
          "createdAtTimestamp": "12974",
          "id": "17",
          "pricing": Object {
            "amount": "12974",
            "computedValue": undefined,
            "currency": Object {
              "decimals": 18,
              "id": "0xFACE",
              "name": "Wrapped Ether",
              "symbol": "WETH",
            },
            "prettyAmount": "1.2974e-14",
          },
          "transactionHash": "Hello World",
        },
      ],
      "highestBid": Object {
        "placedAt": "12974",
        "placedBy": "10",
        "pricing": Object {
          "amount": "12974",
          "computedValue": undefined,
          "currency": Object {
            "decimals": 18,
            "id": "0xFACE",
            "name": "Wrapped Ether",
            "symbol": "WETH",
          },
          "prettyAmount": "1.2974e-14",
        },
      },
    },
    "reserve": Object {
      "approved": true,
      "approvedTimestamp": "12974",
      "auctionCurrency": Object {
        "decimals": 18,
        "id": "0xFACE",
        "name": "Wrapped Ether",
        "symbol": "WETH",
      },
      "createdAtTimestamp": "12974",
      "curator": Object {
        "id": "10",
      },
      "curatorFeePercentage": 22,
      "current": Object {
        "highestBid": Object {
          "placedAt": "12974",
          "placedBy": "10",
          "pricing": Object {
            "amount": "12974",
            "computedValue": undefined,
            "currency": Object {
              "decimals": 18,
              "id": "0xFACE",
              "name": "Wrapped Ether",
              "symbol": "WETH",
            },
            "prettyAmount": "1.2974e-14",
          },
        },
        "likelyHasEnded": true,
        "reserveMet": true,
      },
      "currentBid": Object {
        "bidType": "Final",
        "bidder": Object {
          "id": "10",
        },
        "createdAtTimestamp": "12974",
        "pricing": Object {
          "amount": "12974",
          "computedValue": undefined,
          "currency": Object {
            "decimals": 18,
            "id": "0xFACE",
            "name": "Wrapped Ether",
            "symbol": "WETH",
          },
          "prettyAmount": "1.2974e-14",
        },
        "transactionHash": "Hello World",
      },
      "duration": "12974",
      "expectedEndTimestamp": "12974",
      "finalizedAtTimestamp": "12974",
      "firstBidTime": "12974",
      "id": "20",
      "previousBids": Array [
        Object {
          "bidInactivatedAtBlockNumber": "12974",
          "bidInactivatedAtTimestamp": "12974",
          "bidType": "Final",
          "bidder": Object {
            "id": "10",
          },
          "createdAtTimestamp": "12974",
          "id": "24",
          "pricing": Object {
            "amount": "12974",
            "computedValue": undefined,
            "currency": Object {
              "decimals": 18,
              "id": "0xFACE",
              "name": "Wrapped Ether",
              "symbol": "WETH",
            },
            "prettyAmount": "1.2974e-14",
          },
          "transactionHash": "Hello World",
        },
        Object {
          "bidInactivatedAtBlockNumber": "12974",
          "bidInactivatedAtTimestamp": "12974",
          "bidType": "Final",
          "bidder": Object {
            "id": "10",
          },
          "createdAtTimestamp": "12974",
          "id": "25",
          "pricing": Object {
            "amount": "12974",
            "computedValue": undefined,
            "currency": Object {
              "decimals": 18,
              "id": "0xFACE",
              "name": "Wrapped Ether",
              "symbol": "WETH",
            },
            "prettyAmount": "1.2974e-14",
          },
          "transactionHash": "Hello World",
        },
      ],
      "reservePrice": Object {
        "amount": "12974",
        "computedValue": undefined,
        "currency": Object {
          "decimals": 18,
          "id": "0xFACE",
          "name": "Wrapped Ether",
          "symbol": "WETH",
        },
        "prettyAmount": "1.2974e-14",
      },
      "status": "Active",
      "token": "Hello World",
      "tokenContract": "Hello World",
      "tokenId": "12974",
      "tokenOwner": Object {
        "id": "10",
      },
      "transactionHash": "Hello World",
    },
    "status": "RESERVE_AUCTION_FINISHED",
  },
  "zoraNFT": Object {
    "contentHash": "ByTeSStrInG",
    "contentURI": "Hello World",
    "createdAtTimestamp": "12974",
    "creatorBidShare": "12974",
    "creatorBidSharePercentage": 1.2974e-14,
    "metadataHash": "ByTeSStrInG",
    "metadataURI": "Hello World",
    "ownerBidShare": "12974",
    "ownerBidSharePercentage": 1.2974e-14,
  },
}
`;

exports[`useZNFT loads an NFT not in an auction with bids 1`] = `
Object {
  "nft": Object {
    "contract": Object {
      "address": "0xabEFBc9fD2F806065b4f3C237d4b59D9A97Bcac7",
      "knownContract": "zora",
    },
    "creator": "10",
    "metadataURI": "https://zora.co/content",
    "owner": "10",
    "tokenId": "2974",
  },
  "pricing": Object {
    "auctionType": "RESERVE",
    "perpetual": Object {
      "ask": Object {
        "createdAtTimestamp": "12974",
        "id": "2",
        "pricing": Object {
          "amount": "12974",
          "computedValue": undefined,
          "currency": Object {
            "decimals": 18,
            "id": "0xFACE",
            "name": "Wrapped Ether",
            "symbol": "WETH",
          },
          "prettyAmount": "1.2974e-14",
        },
      },
      "bids": Array [
        Object {
          "bidder": Object {
            "id": "10",
          },
          "createdAtTimestamp": "12974",
          "id": "3",
          "pricing": Object {
            "amount": "10000",
            "computedValue": undefined,
            "currency": Object {
              "decimals": 18,
              "id": "0xFACE",
              "name": "Wrapped Ether",
              "symbol": "WETH",
            },
            "prettyAmount": "1e-14",
          },
          "transactionHash": "Hello World",
        },
      ],
      "highestBid": Object {
        "placedAt": "12974",
        "placedBy": "10",
        "pricing": Object {
          "amount": "10000",
          "computedValue": undefined,
          "currency": Object {
            "decimals": 18,
            "id": "0xFACE",
            "name": "Wrapped Ether",
            "symbol": "WETH",
          },
          "prettyAmount": "1e-14",
        },
      },
    },
    "reserve": Object {
      "approved": true,
      "approvedTimestamp": "12974",
      "auctionCurrency": Object {
        "decimals": 18,
        "id": "0xFACE",
        "name": "Wrapped Ether",
        "symbol": "WETH",
      },
      "createdAtTimestamp": "12974",
      "curator": Object {
        "id": "10",
      },
      "curatorFeePercentage": 100,
      "current": Object {
        "highestBid": Object {
          "placedAt": "12974",
          "placedBy": "10",
          "pricing": Object {
            "amount": "12974",
            "computedValue": undefined,
            "currency": Object {
              "decimals": 18,
              "id": "0xFACE",
              "name": "Wrapped Ether",
              "symbol": "WETH",
            },
            "prettyAmount": "1.2974e-14",
          },
        },
        "likelyHasEnded": true,
        "reserveMet": true,
      },
      "currentBid": Object {
        "bidType": "Final",
        "bidder": Object {
          "id": "10",
        },
        "createdAtTimestamp": "12974",
        "pricing": Object {
          "amount": "12974",
          "computedValue": undefined,
          "currency": Object {
            "decimals": 18,
            "id": "0xFACE",
            "name": "Wrapped Ether",
            "symbol": "WETH",
          },
          "prettyAmount": "1.2974e-14",
        },
        "transactionHash": "Hello World",
      },
      "duration": "12974",
      "expectedEndTimestamp": "12974",
      "finalizedAtTimestamp": "12974",
      "firstBidTime": "12974",
      "id": "6",
      "previousBids": Array [
        Object {
          "bidInactivatedAtBlockNumber": "12974",
          "bidInactivatedAtTimestamp": "12974",
          "bidType": "Final",
          "bidder": Object {
            "id": "10",
          },
          "createdAtTimestamp": "12974",
          "id": "9",
          "pricing": Object {
            "amount": "12974",
            "computedValue": undefined,
            "currency": Object {
              "decimals": 18,
              "id": "0xFACE",
              "name": "Wrapped Ether",
              "symbol": "WETH",
            },
            "prettyAmount": "1.2974e-14",
          },
          "transactionHash": "Hello World",
        },
        Object {
          "bidInactivatedAtBlockNumber": "12974",
          "bidInactivatedAtTimestamp": "12974",
          "bidType": "Final",
          "bidder": Object {
            "id": "10",
          },
          "createdAtTimestamp": "12974",
          "id": "10",
          "pricing": Object {
            "amount": "12974",
            "computedValue": undefined,
            "currency": Object {
              "decimals": 18,
              "id": "0xFACE",
              "name": "Wrapped Ether",
              "symbol": "WETH",
            },
            "prettyAmount": "1.2974e-14",
          },
          "transactionHash": "Hello World",
        },
      ],
      "reservePrice": Object {
        "amount": "12974",
        "computedValue": undefined,
        "currency": Object {
          "decimals": 18,
          "id": "0xFACE",
          "name": "Wrapped Ether",
          "symbol": "WETH",
        },
        "prettyAmount": "1.2974e-14",
      },
      "status": "Active",
      "token": "Hello World",
      "tokenContract": "Hello World",
      "tokenId": "-1",
      "tokenOwner": Object {
        "id": "10",
      },
      "transactionHash": "Hello World",
    },
    "status": "RESERVE_AUCTION_FINISHED",
  },
  "zoraNFT": Object {
    "contentHash": "ByTeSStrInG",
    "contentURI": "https://zora.co/content",
    "createdAtTimestamp": "12974",
    "creatorBidShare": "12974",
    "creatorBidSharePercentage": 1.2974e-14,
    "metadataHash": "ByTeSStrInG",
    "metadataURI": "https://zora.co/content",
    "ownerBidShare": "12974",
    "ownerBidSharePercentage": 1.2974e-14,
  },
}
`;

exports[`useZNFT loads an NFT with no bids and no auction 1`] = `
Object {
  "nft": Object {
    "contract": Object {
      "address": "0xabEFBc9fD2F806065b4f3C237d4b59D9A97Bcac7",
      "knownContract": "zora",
    },
    "creator": "10",
    "metadataURI": "https://zora.co/content",
    "owner": "10",
    "tokenId": "2974",
  },
  "pricing": Object {
    "auctionType": "RESERVE",
    "perpetual": Object {
      "ask": Object {
        "createdAtTimestamp": "12974",
        "id": "0",
        "pricing": Object {
          "amount": "12974",
          "computedValue": undefined,
          "currency": Object {
            "decimals": 18,
            "id": "0xFACE",
            "name": "Wrapped Ether",
            "symbol": "WETH",
          },
          "prettyAmount": "1.2974e-14",
        },
      },
      "bids": Array [],
      "highestBid": undefined,
    },
    "reserve": Object {
      "approved": true,
      "approvedTimestamp": "12974",
      "auctionCurrency": Object {
        "decimals": 18,
        "id": "0xFACE",
        "name": "Wrapped Ether",
        "symbol": "WETH",
      },
      "createdAtTimestamp": "12974",
      "curator": Object {
        "id": "10",
      },
      "curatorFeePercentage": 100,
      "current": Object {
        "highestBid": Object {
          "placedAt": "12974",
          "placedBy": "10",
          "pricing": Object {
            "amount": "12974",
            "computedValue": undefined,
            "currency": Object {
              "decimals": 18,
              "id": "0xFACE",
              "name": "Wrapped Ether",
              "symbol": "WETH",
            },
            "prettyAmount": "1.2974e-14",
          },
        },
        "likelyHasEnded": true,
        "reserveMet": true,
      },
      "currentBid": Object {
        "bidType": "Final",
        "bidder": Object {
          "id": "10",
        },
        "createdAtTimestamp": "12974",
        "pricing": Object {
          "amount": "12974",
          "computedValue": undefined,
          "currency": Object {
            "decimals": 18,
            "id": "0xFACE",
            "name": "Wrapped Ether",
            "symbol": "WETH",
          },
          "prettyAmount": "1.2974e-14",
        },
        "transactionHash": "Hello World",
      },
      "duration": "12974",
      "expectedEndTimestamp": "12974",
      "finalizedAtTimestamp": "12974",
      "firstBidTime": "12974",
      "id": "3",
      "previousBids": Array [
        Object {
          "bidInactivatedAtBlockNumber": "12974",
          "bidInactivatedAtTimestamp": "12974",
          "bidType": "Final",
          "bidder": Object {
            "id": "10",
          },
          "createdAtTimestamp": "12974",
          "id": "6",
          "pricing": Object {
            "amount": "12974",
            "computedValue": undefined,
            "currency": Object {
              "decimals": 18,
              "id": "0xFACE",
              "name": "Wrapped Ether",
              "symbol": "WETH",
            },
            "prettyAmount": "1.2974e-14",
          },
          "transactionHash": "Hello World",
        },
        Object {
          "bidInactivatedAtBlockNumber": "12974",
          "bidInactivatedAtTimestamp": "12974",
          "bidType": "Final",
          "bidder": Object {
            "id": "10",
          },
          "createdAtTimestamp": "12974",
          "id": "7",
          "pricing": Object {
            "amount": "12974",
            "computedValue": undefined,
            "currency": Object {
              "decimals": 18,
              "id": "0xFACE",
              "name": "Wrapped Ether",
              "symbol": "WETH",
            },
            "prettyAmount": "1.2974e-14",
          },
          "transactionHash": "Hello World",
        },
      ],
      "reservePrice": Object {
        "amount": "12974",
        "computedValue": undefined,
        "currency": Object {
          "decimals": 18,
          "id": "0xFACE",
          "name": "Wrapped Ether",
          "symbol": "WETH",
        },
        "prettyAmount": "1.2974e-14",
      },
      "status": "Active",
      "token": "Hello World",
      "tokenContract": "Hello World",
      "tokenId": "-1",
      "tokenOwner": Object {
        "id": "10",
      },
      "transactionHash": "Hello World",
    },
    "status": "RESERVE_AUCTION_FINISHED",
  },
  "zoraNFT": Object {
    "contentHash": "ByTeSStrInG",
    "contentURI": "https://zora.co/content",
    "createdAtTimestamp": "12974",
    "creatorBidShare": "12974",
    "creatorBidSharePercentage": 1.2974e-14,
    "metadataHash": "ByTeSStrInG",
    "metadataURI": "https://zora.co/content",
    "ownerBidShare": "12974",
    "ownerBidSharePercentage": 1.2974e-14,
  },
}
`;

exports[`useZNFT loads an nft currently in an auction 1`] = `
Object {
  "nft": Object {
    "contract": Object {
      "address": "0xabEFBc9fD2F806065b4f3C237d4b59D9A97Bcac7",
      "knownContract": "zora",
    },
    "creator": "10",
    "metadataURI": "https://zora.co/content",
    "owner": "10",
    "tokenId": "2974",
  },
  "pricing": Object {
    "auctionType": "RESERVE",
    "perpetual": Object {
      "ask": Object {
        "createdAtTimestamp": "12974",
        "id": "2",
        "pricing": Object {
          "amount": "12974",
          "computedValue": undefined,
          "currency": Object {
            "decimals": 18,
            "id": "0xFACE",
            "name": "Wrapped Ether",
            "symbol": "WETH",
          },
          "prettyAmount": "1.2974e-14",
        },
      },
      "bids": Array [
        Object {
          "bidder": Object {
            "id": "10",
          },
          "createdAtTimestamp": "12974",
          "id": "3",
          "pricing": Object {
            "amount": "10000",
            "computedValue": undefined,
            "currency": Object {
              "decimals": 18,
              "id": "0xFACE",
              "name": "Wrapped Ether",
              "symbol": "WETH",
            },
            "prettyAmount": "1e-14",
          },
          "transactionHash": "Hello World",
        },
      ],
      "highestBid": Object {
        "placedAt": "12974",
        "placedBy": "10",
        "pricing": Object {
          "amount": "10000",
          "computedValue": undefined,
          "currency": Object {
            "decimals": 18,
            "id": "0xFACE",
            "name": "Wrapped Ether",
            "symbol": "WETH",
          },
          "prettyAmount": "1e-14",
        },
      },
    },
    "reserve": Object {
      "approved": true,
      "approvedTimestamp": "12974",
      "auctionCurrency": Object {
        "decimals": 18,
        "id": "0xFACE",
        "name": "Wrapped Ether",
        "symbol": "WETH",
      },
      "createdAtTimestamp": "12974",
      "curator": Object {
        "id": "10",
      },
      "curatorFeePercentage": 100,
      "current": Object {
        "highestBid": Object {
          "placedAt": "12974",
          "placedBy": "10",
          "pricing": Object {
            "amount": "12974",
            "computedValue": undefined,
            "currency": Object {
              "decimals": 18,
              "id": "0xFACE",
              "name": "Wrapped Ether",
              "symbol": "WETH",
            },
            "prettyAmount": "1.2974e-14",
          },
        },
        "likelyHasEnded": true,
        "reserveMet": true,
      },
      "currentBid": Object {
        "bidType": "Final",
        "bidder": Object {
          "id": "10",
        },
        "createdAtTimestamp": "12974",
        "pricing": Object {
          "amount": "12974",
          "computedValue": undefined,
          "currency": Object {
            "decimals": 18,
            "id": "0xFACE",
            "name": "Wrapped Ether",
            "symbol": "WETH",
          },
          "prettyAmount": "1.2974e-14",
        },
        "transactionHash": "Hello World",
      },
      "duration": "12974",
      "expectedEndTimestamp": "12974",
      "finalizedAtTimestamp": "12974",
      "firstBidTime": "12974",
      "id": "6",
      "previousBids": Array [
        Object {
          "bidInactivatedAtBlockNumber": "12974",
          "bidInactivatedAtTimestamp": "12974",
          "bidType": "Final",
          "bidder": Object {
            "id": "10",
          },
          "createdAtTimestamp": "12974",
          "id": "9",
          "pricing": Object {
            "amount": "12974",
            "computedValue": undefined,
            "currency": Object {
              "decimals": 18,
              "id": "0xFACE",
              "name": "Wrapped Ether",
              "symbol": "WETH",
            },
            "prettyAmount": "1.2974e-14",
          },
          "transactionHash": "Hello World",
        },
        Object {
          "bidInactivatedAtBlockNumber": "12974",
          "bidInactivatedAtTimestamp": "12974",
          "bidType": "Final",
          "bidder": Object {
            "id": "10",
          },
          "createdAtTimestamp": "12974",
          "id": "10",
          "pricing": Object {
            "amount": "12974",
            "computedValue": undefined,
            "currency": Object {
              "decimals": 18,
              "id": "0xFACE",
              "name": "Wrapped Ether",
              "symbol": "WETH",
            },
            "prettyAmount": "1.2974e-14",
          },
          "transactionHash": "Hello World",
        },
      ],
      "reservePrice": Object {
        "amount": "12974",
        "computedValue": undefined,
        "currency": Object {
          "decimals": 18,
          "id": "0xFACE",
          "name": "Wrapped Ether",
          "symbol": "WETH",
        },
        "prettyAmount": "1.2974e-14",
      },
      "status": "Active",
      "token": "Hello World",
      "tokenContract": "Hello World",
      "tokenId": 2974,
      "tokenOwner": Object {
        "id": "10",
      },
      "transactionHash": "Hello World",
    },
    "status": "RESERVE_AUCTION_FINISHED",
  },
  "zoraNFT": Object {
    "contentHash": "ByTeSStrInG",
    "contentURI": "https://zora.co/content",
    "createdAtTimestamp": "12974",
    "creatorBidShare": "12974",
    "creatorBidSharePercentage": 1.2974e-14,
    "metadataHash": "ByTeSStrInG",
    "metadataURI": "https://zora.co/content",
    "ownerBidShare": "12974",
    "ownerBidSharePercentage": 1.2974e-14,
  },
}
`;
